Archive member included to satisfy reference by file (symbol)

f:/work/arm-none-eabi-gcc/gcc-arm-none-eabi-10.3-2021.10-win32/gcc-arm-none-eabi-10.3-2021.10/bin/../lib/gcc/arm-none-eabi/10.3.1/thumb/v7e-m/nofp\libgcc.a(_arm_mulsf3.o)
                              CMakeFiles/Integral_PMT.elf.dir/Core/Src/system_stm32h7xx.c.obj (__aeabi_fmul)
f:/work/arm-none-eabi-gcc/gcc-arm-none-eabi-10.3-2021.10-win32/gcc-arm-none-eabi-10.3-2021.10/bin/../lib/gcc/arm-none-eabi/10.3.1/thumb/v7e-m/nofp\libgcc.a(_arm_addsubsf3.o)
                              CMakeFiles/Integral_PMT.elf.dir/Core/Src/system_stm32h7xx.c.obj (__aeabi_fadd)
f:/work/arm-none-eabi-gcc/gcc-arm-none-eabi-10.3-2021.10-win32/gcc-arm-none-eabi-10.3-2021.10/bin/../lib/gcc/arm-none-eabi/10.3.1/thumb/v7e-m/nofp\libgcc.a(_arm_muldivsf3.o)
                              CMakeFiles/Integral_PMT.elf.dir/Core/Src/system_stm32h7xx.c.obj (__aeabi_fdiv)
f:/work/arm-none-eabi-gcc/gcc-arm-none-eabi-10.3-2021.10-win32/gcc-arm-none-eabi-10.3-2021.10/bin/../lib/gcc/arm-none-eabi/10.3.1/thumb/v7e-m/nofp\libgcc.a(_arm_fixunssfsi.o)
                              CMakeFiles/Integral_PMT.elf.dir/Core/Src/system_stm32h7xx.c.obj (__aeabi_f2uiz)
f:/work/arm-none-eabi-gcc/gcc-arm-none-eabi-10.3-2021.10-win32/gcc-arm-none-eabi-10.3-2021.10/bin/../lib/gcc/arm-none-eabi/10.3.1/thumb/v7e-m/nofp\libgcc.a(_aeabi_uldivmod.o)
                              CMakeFiles/Integral_PMT.elf.dir/Drivers/STM32H7xx_HAL_Driver/Src/stm32h7xx_hal_uart.c.obj (__aeabi_uldivmod)
f:/work/arm-none-eabi-gcc/gcc-arm-none-eabi-10.3-2021.10-win32/gcc-arm-none-eabi-10.3-2021.10/bin/../lib/gcc/arm-none-eabi/10.3.1/thumb/v7e-m/nofp\libgcc.a(_udivmoddi4.o)
                              f:/work/arm-none-eabi-gcc/gcc-arm-none-eabi-10.3-2021.10-win32/gcc-arm-none-eabi-10.3-2021.10/bin/../lib/gcc/arm-none-eabi/10.3.1/thumb/v7e-m/nofp\libgcc.a(_aeabi_uldivmod.o) (__udivmoddi4)
f:/work/arm-none-eabi-gcc/gcc-arm-none-eabi-10.3-2021.10-win32/gcc-arm-none-eabi-10.3-2021.10/bin/../lib/gcc/arm-none-eabi/10.3.1/thumb/v7e-m/nofp\libgcc.a(_dvmd_tls.o)
                              f:/work/arm-none-eabi-gcc/gcc-arm-none-eabi-10.3-2021.10-win32/gcc-arm-none-eabi-10.3-2021.10/bin/../lib/gcc/arm-none-eabi/10.3.1/thumb/v7e-m/nofp\libgcc.a(_aeabi_uldivmod.o) (__aeabi_ldiv0)
f:/work/arm-none-eabi-gcc/gcc-arm-none-eabi-10.3-2021.10-win32/gcc-arm-none-eabi-10.3-2021.10/bin/../lib/gcc/arm-none-eabi/10.3.1/../../../../arm-none-eabi/lib/thumb/v7e-m/nofp\libg.a(lib_a-errno.o)
                              CMakeFiles/Integral_PMT.elf.dir/Core/Src/retarget.c.obj (__errno)
f:/work/arm-none-eabi-gcc/gcc-arm-none-eabi-10.3-2021.10-win32/gcc-arm-none-eabi-10.3-2021.10/bin/../lib/gcc/arm-none-eabi/10.3.1/../../../../arm-none-eabi/lib/thumb/v7e-m/nofp\libg.a(lib_a-exit.o)
                              f:/work/arm-none-eabi-gcc/gcc-arm-none-eabi-10.3-2021.10-win32/gcc-arm-none-eabi-10.3-2021.10/bin/../lib/gcc/arm-none-eabi/10.3.1/../../../../arm-none-eabi/lib/thumb/v7e-m/nofp/crt0.o (exit)
f:/work/arm-none-eabi-gcc/gcc-arm-none-eabi-10.3-2021.10-win32/gcc-arm-none-eabi-10.3-2021.10/bin/../lib/gcc/arm-none-eabi/10.3.1/../../../../arm-none-eabi/lib/thumb/v7e-m/nofp\libg.a(lib_a-impure.o)
                              f:/work/arm-none-eabi-gcc/gcc-arm-none-eabi-10.3-2021.10-win32/gcc-arm-none-eabi-10.3-2021.10/bin/../lib/gcc/arm-none-eabi/10.3.1/../../../../arm-none-eabi/lib/thumb/v7e-m/nofp\libg.a(lib_a-exit.o) (_global_impure_ptr)
f:/work/arm-none-eabi-gcc/gcc-arm-none-eabi-10.3-2021.10-win32/gcc-arm-none-eabi-10.3-2021.10/bin/../lib/gcc/arm-none-eabi/10.3.1/../../../../arm-none-eabi/lib/thumb/v7e-m/nofp\libg.a(lib_a-init.o)
                              f:/work/arm-none-eabi-gcc/gcc-arm-none-eabi-10.3-2021.10-win32/gcc-arm-none-eabi-10.3-2021.10/bin/../lib/gcc/arm-none-eabi/10.3.1/../../../../arm-none-eabi/lib/thumb/v7e-m/nofp/crt0.o (__libc_init_array)
f:/work/arm-none-eabi-gcc/gcc-arm-none-eabi-10.3-2021.10-win32/gcc-arm-none-eabi-10.3-2021.10/bin/../lib/gcc/arm-none-eabi/10.3.1/../../../../arm-none-eabi/lib/thumb/v7e-m/nofp\libg.a(lib_a-memset.o)
                              f:/work/arm-none-eabi-gcc/gcc-arm-none-eabi-10.3-2021.10-win32/gcc-arm-none-eabi-10.3-2021.10/bin/../lib/gcc/arm-none-eabi/10.3.1/../../../../arm-none-eabi/lib/thumb/v7e-m/nofp/crt0.o (memset)
f:/work/arm-none-eabi-gcc/gcc-arm-none-eabi-10.3-2021.10-win32/gcc-arm-none-eabi-10.3-2021.10/bin/../lib/gcc/arm-none-eabi/10.3.1/../../../../arm-none-eabi/lib/thumb/v7e-m/nofp\libg.a(lib_a-setvbuf.o)
                              CMakeFiles/Integral_PMT.elf.dir/Core/Src/retarget.c.obj (setvbuf)
f:/work/arm-none-eabi-gcc/gcc-arm-none-eabi-10.3-2021.10-win32/gcc-arm-none-eabi-10.3-2021.10/bin/../lib/gcc/arm-none-eabi/10.3.1/../../../../arm-none-eabi/lib/thumb/v7e-m/nofp\libg.a(lib_a-__call_atexit.o)
[...]
Memory Configuration

Name             Origin             Length             Attributes
FLASH            0x08000000         0x00020000         xr
DTCMRAM          0x20000000         0x00020000         xrw
RAM_D1           0x24000000         0x00080000         xrw
RAM_D2           0x30000000         0x00048000         xrw
RAM_D3           0x38000000         0x00010000         xrw
ITCMRAM          0x00000000         0x00010000         xrw
*default*        0x00000000         0xffffffff

Linker script and memory map

LOAD f:/work/arm-none-eabi-gcc/gcc-arm-none-eabi-10.3-2021.10-win32/gcc-arm-none-eabi-10.3-2021.10/bin/../lib/gcc/arm-none-eabi/10.3.1/thumb/v7e-m/nofp/crti.o
LOAD f:/work/arm-none-eabi-gcc/gcc-arm-none-eabi-10.3-2021.10-win32/gcc-arm-none-eabi-10.3-2021.10/bin/../lib/gcc/arm-none-eabi/10.3.1/thumb/v7e-m/nofp/crtbegin.o
LOAD f:/work/arm-none-eabi-gcc/gcc-arm-none-eabi-10.3-2021.10-win32/gcc-arm-none-eabi-10.3-2021.10/bin/../lib/gcc/arm-none-eabi/10.3.1/../../../../arm-none-eabi/lib/thumb/v7e-m/nofp/crt0.o
LOAD CMakeFiles/Integral_PMT.elf.dir/Core/Src/gpio.c.obj
LOAD CMakeFiles/Integral_PMT.elf.dir/Core/Src/main.c.obj
LOAD CMakeFiles/Integral_PMT.elf.dir/Core/Src/retarget.c.obj
LOAD CMakeFiles/Integral_PMT.elf.dir/Core/Src/spi.c.obj
LOAD CMakeFiles/Integral_PMT.elf.dir/Core/Src/stm32h7xx_hal_msp.c.obj
LOAD CMakeFiles/Integral_PMT.elf.dir/Core/Src/stm32h7xx_it.c.obj
LOAD CMakeFiles/Integral_PMT.elf.dir/Core/Src/syscalls.c.obj
LOAD CMakeFiles/Integral_PMT.elf.dir/Core/Src/sysmem.c.obj
LOAD CMakeFiles/Integral_PMT.elf.dir/Core/Src/system_stm32h7xx.c.obj
LOAD CMakeFiles/Integral_PMT.elf.dir/Core/Src/tim.c.obj
LOAD CMakeFiles/Integral_PMT.elf.dir/Core/Src/usart.c.obj
LOAD CMakeFiles/Integral_PMT.elf.dir/Core/Startup/startup_stm32h750vbtx.s.obj
LOAD CMakeFiles/Integral_PMT.elf.dir/Drivers/STM32H7xx_HAL_Driver/Src/stm32h7xx_hal.c.obj
LOAD CMakeFiles/Integral_PMT.elf.dir/Drivers/STM32H7xx_HAL_Driver/Src/stm32h7xx_hal_cortex.c.obj
LOAD CMakeFiles/Integral_PMT.elf.dir/Drivers/STM32H7xx_HAL_Driver/Src/stm32h7xx_hal_dma.c.obj
LOAD CMakeFiles/Integral_PMT.elf.dir/Drivers/STM32H7xx_HAL_Driver/Src/stm32h7xx_hal_dma_ex.c.obj
LOAD CMakeFiles/Integral_PMT.elf.dir/Drivers/STM32H7xx_HAL_Driver/Src/stm32h7xx_hal_exti.c.obj
LOAD CMakeFiles/Integral_PMT.elf.dir/Drivers/STM32H7xx_HAL_Driver/Src/stm32h7xx_hal_flash.c.obj
LOAD CMakeFiles/Integral_PMT.elf.dir/Drivers/STM32H7xx_HAL_Driver/Src/stm32h7xx_hal_flash_ex.c.obj
LOAD CMakeFiles/Integral_PMT.elf.dir/Drivers/STM32H7xx_HAL_Driver/Src/stm32h7xx_hal_gpio.c.obj
LOAD CMakeFiles/Integral_PMT.elf.dir/Drivers/STM32H7xx_HAL_Driver/Src/stm32h7xx_hal_hsem.c.obj
LOAD CMakeFiles/Integral_PMT.elf.dir/Drivers/STM32H7xx_HAL_Driver/Src/stm32h7xx_hal_i2c.c.obj
LOAD CMakeFiles/Integral_PMT.elf.dir/Drivers/STM32H7xx_HAL_Driver/Src/stm32h7xx_hal_i2c_ex.c.obj
LOAD CMakeFiles/Integral_PMT.elf.dir/Drivers/STM32H7xx_HAL_Driver/Src/stm32h7xx_hal_mdma.c.obj
LOAD CMakeFiles/Integral_PMT.elf.dir/Drivers/STM32H7xx_HAL_Driver/Src/stm32h7xx_hal_pcd.c.obj
LOAD CMakeFiles/Integral_PMT.elf.dir/Drivers/STM32H7xx_HAL_Driver/Src/stm32h7xx_hal_pcd_ex.c.obj
LOAD CMakeFiles/Integral_PMT.elf.dir/Drivers/STM32H7xx_HAL_Driver/Src/stm32h7xx_hal_pwr.c.obj
LOAD CMakeFiles/Integral_PMT.elf.dir/Drivers/STM32H7xx_HAL_Driver/Src/stm32h7xx_hal_pwr_ex.c.obj
LOAD CMakeFiles/Integral_PMT.elf.dir/Drivers/STM32H7xx_HAL_Driver/Src/stm32h7xx_hal_rcc.c.obj
LOAD CMakeFiles/Integral_PMT.elf.dir/Drivers/STM32H7xx_HAL_Driver/Src/stm32h7xx_hal_rcc_ex.c.obj
LOAD CMakeFiles/Integral_PMT.elf.dir/Drivers/STM32H7xx_HAL_Driver/Src/stm32h7xx_hal_spi.c.obj
LOAD CMakeFiles/Integral_PMT.elf.dir/Drivers/STM32H7xx_HAL_Driver/Src/stm32h7xx_hal_spi_ex.c.obj
LOAD CMakeFiles/Integral_PMT.elf.dir/Drivers/STM32H7xx_HAL_Driver/Src/stm32h7xx_hal_tim.c.obj
LOAD CMakeFiles/Integral_PMT.elf.dir/Drivers/STM32H7xx_HAL_Driver/Src/stm32h7xx_hal_tim_ex.c.obj
LOAD CMakeFiles/Integral_PMT.elf.dir/Drivers/STM32H7xx_HAL_Driver/Src/stm32h7xx_hal_uart.c.obj
LOAD CMakeFiles/Integral_PMT.elf.dir/Drivers/STM32H7xx_HAL_Driver/Src/stm32h7xx_hal_uart_ex.c.obj
LOAD CMakeFiles/Integral_PMT.elf.dir/Drivers/STM32H7xx_HAL_Driver/Src/stm32h7xx_ll_usb.c.obj
LOAD CMakeFiles/Integral_PMT.elf.dir/Middlewares/ST/STM32_USB_Device_Library/Class/CDC/Src/usbd_cdc.c.obj
LOAD CMakeFiles/Integral_PMT.elf.dir/Middlewares/ST/STM32_USB_Device_Library/Core/Src/usbd_core.c.obj
LOAD CMakeFiles/Integral_PMT.elf.dir/Middlewares/ST/STM32_USB_Device_Library/Core/Src/usbd_ctlreq.c.obj
LOAD CMakeFiles/Integral_PMT.elf.dir/Middlewares/ST/STM32_USB_Device_Library/Core/Src/usbd_ioreq.c.obj
LOAD CMakeFiles/Integral_PMT.elf.dir/USB_DEVICE/App/usb_device.c.obj
LOAD CMakeFiles/Integral_PMT.elf.dir/USB_DEVICE/App/usbd_cdc_if.c.obj
LOAD CMakeFiles/Integral_PMT.elf.dir/USB_DEVICE/App/usbd_desc.c.obj
LOAD CMakeFiles/Integral_PMT.elf.dir/USB_DEVICE/Target/usbd_conf.c.obj
START GROUP
LOAD f:/work/arm-none-eabi-gcc/gcc-arm-none-eabi-10.3-2021.10-win32/gcc-arm-none-eabi-10.3-2021.10/bin/../lib/gcc/arm-none-eabi/10.3.1/thumb/v7e-m/nofp\libgcc.a
LOAD f:/work/arm-none-eabi-gcc/gcc-arm-none-eabi-10.3-2021.10-win32/gcc-arm-none-eabi-10.3-2021.10/bin/../lib/gcc/arm-none-eabi/10.3.1/../../../../arm-none-eabi/lib/thumb/v7e-m/nofp\libg.a
LOAD f:/work/arm-none-eabi-gcc/gcc-arm-none-eabi-10.3-2021.10-win32/gcc-arm-none-eabi-10.3-2021.10/bin/../lib/gcc/arm-none-eabi/10.3.1/../../../../arm-none-eabi/lib/thumb/v7e-m/nofp\libc.a
END GROUP
LOAD f:/work/arm-none-eabi-gcc/gcc-arm-none-eabi-10.3-2021.10-win32/gcc-arm-none-eabi-10.3-2021.10/bin/../lib/gcc/arm-none-eabi/10.3.1/thumb/v7e-m/nofp/crtend.o
LOAD f:/work/arm-none-eabi-gcc/gcc-arm-none-eabi-10.3-2021.10-win32/gcc-arm-none-eabi-10.3-2021.10/bin/../lib/gcc/arm-none-eabi/10.3.1/thumb/v7e-m/nofp/crtn.o
                0x24080000                _estack = (ORIGIN (RAM_D1) + LENGTH (RAM_D1))
                0x00000200                _Min_Heap_Size = 0x200
                0x00000400                _Min_Stack_Size = 0x400

.isr_vector     0x08000000      0x298
                0x08000000                . = ALIGN (0x4)
 *(.isr_vector)
 .isr_vector    0x08000000      0x298 CMakeFiles/Integral_PMT.elf.dir/Core/Startup/startup_stm32h750vbtx.s.obj
                0x08000000                g_pfnVectors
                0x08000298                . = ALIGN (0x4)

.text           0x08000298     0x830c
                0x08000298                . = ALIGN (0x4)
 *(.text)
 .text          0x08000298       0x40 f:/work/arm-none-eabi-gcc/gcc-arm-none-eabi-10.3-2021.10-win32/gcc-arm-none-eabi-10.3-2021.10/bin/../lib/gcc/arm-none-eabi/10.3.1/thumb/v7e-m/nofp/crtbegin.o
 .text          0x080002d8      0x21c f:/work/arm-none-eabi-gcc/gcc-arm-none-eabi-10.3-2021.10-win32/gcc-arm-none-eabi-10.3-2021.10/bin/../lib/gcc/arm-none-eabi/10.3.1/thumb/v7e-m/nofp\libgcc.a(_arm_addsubsf3.o)
                0x080002d8                __aeabi_frsub
                0x080002e0                __subsf3
                0x080002e0                __aeabi_fsub
                0x080002e4                __aeabi_fadd
                0x080002e4                __addsf3
                0x08000444                __aeabi_ui2f
                0x08000444                __floatunsisf
                0x0800044c                __aeabi_i2f
                0x0800044c                __floatsisf
                0x08000468                __aeabi_ul2f
                0x08000468                __floatundisf
                0x08000478                __aeabi_l2f
                0x08000478                __floatdisf
 .text          0x080004f4      0x2a0 f:/work/arm-none-eabi-gcc/gcc-arm-none-eabi-10.3-2021.10-win32/gcc-arm-none-eabi-10.3-2021.10/bin/../lib/gcc/arm-none-eabi/10.3.1/thumb/v7e-m/nofp\libgcc.a(_arm_muldivsf3.o)
                0x080004f4                __mulsf3
                0x080004f4                __aeabi_fmul
                0x0800065c                __aeabi_fdiv
                0x0800065c                __divsf3
 .text          0x08000794       0x40 f:/work/arm-none-eabi-gcc/gcc-arm-none-eabi-10.3-2021.10-win32/gcc-arm-none-eabi-10.3-2021.10/bin/../lib/gcc/arm-none-eabi/10.3.1/thumb/v7e-m/nofp\libgcc.a(_arm_fixunssfsi.o)
                0x08000794                __fixunssfsi
                0x08000794                __aeabi_f2uiz
 .text          0x080007d4       0x30 f:/work/arm-none-eabi-gcc/gcc-arm-none-eabi-10.3-2021.10-win32/gcc-arm-none-eabi-10.3-2021.10/bin/../lib/gcc/arm-none-eabi/10.3.1/thumb/v7e-m/nofp\libgcc.a(_aeabi_uldivmod.o)
                0x080007d4                __aeabi_uldivmod
 .text          0x08000804      0x2d0 f:/work/arm-none-eabi-gcc/gcc-arm-none-eabi-10.3-2021.10-win32/gcc-arm-none-eabi-10.3-2021.10/bin/../lib/gcc/arm-none-eabi/10.3.1/thumb/v7e-m/nofp\libgcc.a(_udivmoddi4.o)
                0x08000804                __udivmoddi4
 .text          0x08000ad4        0x4 f:/work/arm-none-eabi-gcc/gcc-arm-none-eabi-10.3-2021.10-win32/gcc-arm-none-eabi-10.3-2021.10/bin/../lib/gcc/arm-none-eabi/10.3.1/thumb/v7e-m/nofp\libgcc.a(_dvmd_tls.o)
                0x08000ad4                __aeabi_idiv0
                0x08000ad4                __aeabi_ldiv0
 *(.text*)
 .text.MX_GPIO_Init
                0x08000ad8      0x144 CMakeFiles/Integral_PMT.elf.dir/Core/Src/gpio.c.obj
                0x08000ad8                MX_GPIO_Init
 .text.Error_Handler
                0x08000c1c        0x4 CMakeFiles/Integral_PMT.elf.dir/Core/Src/main.c.obj
                0x08000c1c                Error_Handler
 .text.SystemClock_Config
                0x08000c20      0x11c CMakeFiles/Integral_PMT.elf.dir/Core/Src/main.c.obj
                0x08000c20                SystemClock_Config
 .text.PeriphCommonClock_Config
                0x08000d3c       0x2a CMakeFiles/Integral_PMT.elf.dir/Core/Src/main.c.obj
                0x08000d3c                PeriphCommonClock_Config
 .text.main     0x08000d66       0x28 CMakeFiles/Integral_PMT.elf.dir/Core/Src/main.c.obj
                0x08000d66                main
 *fill*         0x08000d8e        0x2 
 .text.MX_SPI1_Init
                0x08000d90       0x5c CMakeFiles/Integral_PMT.elf.dir/Core/Src/spi.c.obj
                0x08000d90                MX_SPI1_Init
 .text.HAL_SPI_MspInit
                0x08000dec       0xd0 CMakeFiles/Integral_PMT.elf.dir/Core/Src/spi.c.obj
                0x08000dec                HAL_SPI_MspInit
 .text.HAL_MspInit
                0x08000ebc       0x24 CMakeFiles/Integral_PMT.elf.dir/Core/Src/stm32h7xx_hal_msp.c.obj
                0x08000ebc                HAL_MspInit
 .text.NMI_Handler
                0x08000ee0        0x2 CMakeFiles/Integral_PMT.elf.dir/Core/Src/stm32h7xx_it.c.obj
                0x08000ee0                NMI_Handler
 .text.HardFault_Handler
                0x08000ee2        0x2 CMakeFiles/Integral_PMT.elf.dir/Core/Src/stm32h7xx_it.c.obj
                0x08000ee2                HardFault_Handler
 .text.MemManage_Handler
                0x08000ee4        0x2 CMakeFiles/Integral_PMT.elf.dir/Core/Src/stm32h7xx_it.c.obj
                0x08000ee4                MemManage_Handler
 .text.BusFault_Handler
                0x08000ee6        0x2 CMakeFiles/Integral_PMT.elf.dir/Core/Src/stm32h7xx_it.c.obj
                0x08000ee6                BusFault_Handler
 .text.UsageFault_Handler
                0x08000ee8        0x2 CMakeFiles/Integral_PMT.elf.dir/Core/Src/stm32h7xx_it.c.obj
                0x08000ee8                UsageFault_Handler
 .text.SVC_Handler
                0x08000eea        0x2 CMakeFiles/Integral_PMT.elf.dir/Core/Src/stm32h7xx_it.c.obj
                0x08000eea                SVC_Handler
 .text.DebugMon_Handler
                0x08000eec        0x2 CMakeFiles/Integral_PMT.elf.dir/Core/Src/stm32h7xx_it.c.obj
                0x08000eec                DebugMon_Handler
 .text.PendSV_Handler
                0x08000eee        0x2 CMakeFiles/Integral_PMT.elf.dir/Core/Src/stm32h7xx_it.c.obj
                0x08000eee                PendSV_Handler
 .text.SysTick_Handler
                0x08000ef0        0x8 CMakeFiles/Integral_PMT.elf.dir/Core/Src/stm32h7xx_it.c.obj
                0x08000ef0                SysTick_Handler
 .text.EXTI1_IRQHandler
                0x08000ef8        0xa CMakeFiles/Integral_PMT.elf.dir/Core/Src/stm32h7xx_it.c.obj
                0x08000ef8                EXTI1_IRQHandler
 *fill*         0x08000f02        0x2 
 .text.TIM3_IRQHandler
                0x08000f04       0x10 CMakeFiles/Integral_PMT.elf.dir/Core/Src/stm32h7xx_it.c.obj
                0x08000f04                TIM3_IRQHandler
 .text.USART1_IRQHandler
                0x08000f14       0x10 CMakeFiles/Integral_PMT.elf.dir/Core/Src/stm32h7xx_it.c.obj
                0x08000f14                USART1_IRQHandler
 .text.OTG_HS_EP1_OUT_IRQHandler
                0x08000f24       0x10 CMakeFiles/Integral_PMT.elf.dir/Core/Src/stm32h7xx_it.c.obj
                0x08000f24                OTG_HS_EP1_OUT_IRQHandler
 .text.OTG_HS_EP1_IN_IRQHandler
                0x08000f34       0x10 CMakeFiles/Integral_PMT.elf.dir/Core/Src/stm32h7xx_it.c.obj
                0x08000f34                OTG_HS_EP1_IN_IRQHandler
 .text.OTG_HS_IRQHandler
                0x08000f44       0x10 CMakeFiles/Integral_PMT.elf.dir/Core/Src/stm32h7xx_it.c.obj
                0x08000f44                OTG_HS_IRQHandler
 .text.SystemInit
                0x08000f54       0xbc CMakeFiles/Integral_PMT.elf.dir/Core/Src/system_stm32h7xx.c.obj
                0x08000f54                SystemInit
 .text.MX_TIM3_Init
                0x08001010       0x6c CMakeFiles/Integral_PMT.elf.dir/Core/Src/tim.c.obj
                0x08001010                MX_TIM3_Init
 .text.HAL_TIM_Base_MspInit
                0x0800107c       0x30 CMakeFiles/Integral_PMT.elf.dir/Core/Src/tim.c.obj
                0x0800107c                HAL_TIM_Base_MspInit
 .text.HAL_TIM_Encoder_MspInit
                0x080010ac       0x80 CMakeFiles/Integral_PMT.elf.dir/Core/Src/tim.c.obj
                0x080010ac                HAL_TIM_Encoder_MspInit
 .text.HAL_TIM_MspPostInit
                0x0800112c       0x54 CMakeFiles/Integral_PMT.elf.dir/Core/Src/tim.c.obj
                0x0800112c                HAL_TIM_MspPostInit
 .text.MX_TIM2_Init
                0x08001180       0xac CMakeFiles/Integral_PMT.elf.dir/Core/Src/tim.c.obj
                0x08001180                MX_TIM2_Init
 .text.MX_USART1_UART_Init
                0x0800122c       0x68 CMakeFiles/Integral_PMT.elf.dir/Core/Src/usart.c.obj
                0x0800122c                MX_USART1_UART_Init
 .text.HAL_UART_MspInit
                0x08001294       0xa8 CMakeFiles/Integral_PMT.elf.dir/Core/Src/usart.c.obj
                0x08001294                HAL_UART_MspInit
 .text.Reset_Handler
                0x0800133c       0x50 CMakeFiles/Integral_PMT.elf.dir/Core/Startup/startup_stm32h750vbtx.s.obj
                0x0800133c                Reset_Handler
 .text.Default_Handler
                0x0800138c        0x2 CMakeFiles/Integral_PMT.elf.dir/Core/Startup/startup_stm32h750vbtx.s.obj
                0x0800138c                RTC_Alarm_IRQHandler
                0x0800138c                HASH_RNG_IRQHandler
                0x0800138c                EXTI2_IRQHandler
                0x0800138c                TIM8_CC_IRQHandler
                0x0800138c                HRTIM1_Master_IRQHandler
                0x0800138c                UART8_IRQHandler
                0x0800138c                SPI4_IRQHandler
                0x0800138c                TIM1_CC_IRQHandler
                0x0800138c                BDMA_Channel6_IRQHandler
                0x0800138c                DMA2_Stream5_IRQHandler
                0x0800138c                HRTIM1_FLT_IRQHandler
                0x0800138c                JPEG_IRQHandler
                0x0800138c                DMA1_Stream5_IRQHandler
                0x0800138c                BDMA_Channel1_IRQHandler
                0x0800138c                HRTIM1_TIMD_IRQHandler
                0x0800138c                TAMP_STAMP_IRQHandler
                0x0800138c                EXTI3_IRQHandler
                0x0800138c                LPTIM4_IRQHandler
                0x0800138c                TIM8_TRG_COM_TIM14_IRQHandler
                0x0800138c                LPTIM2_IRQHandler
                0x0800138c                DFSDM1_FLT1_IRQHandler
                0x0800138c                DMAMUX2_OVR_IRQHandler
                0x0800138c                TIM8_UP_TIM13_IRQHandler
                0x0800138c                I2C3_ER_IRQHandler
                0x0800138c                DFSDM1_FLT2_IRQHandler
                0x0800138c                MDMA_IRQHandler
                0x0800138c                LPTIM3_IRQHandler
                0x0800138c                HSEM1_IRQHandler
                0x0800138c                EXTI0_IRQHandler
                0x0800138c                I2C2_EV_IRQHandler
                0x0800138c                DMA1_Stream2_IRQHandler
                0x0800138c                FPU_IRQHandler
                0x0800138c                OTG_HS_WKUP_IRQHandler
                0x0800138c                FDCAN1_IT1_IRQHandler
                0x0800138c                LTDC_ER_IRQHandler
                0x0800138c                DMA2_Stream2_IRQHandler
                0x0800138c                HRTIM1_TIME_IRQHandler
                0x0800138c                SPI1_IRQHandler
                0x0800138c                TIM6_DAC_IRQHandler
                0x0800138c                DCMI_IRQHandler
                0x0800138c                HRTIM1_TIMC_IRQHandler
                0x0800138c                DMA2_Stream3_IRQHandler
                0x0800138c                SAI2_IRQHandler
                0x0800138c                DFSDM1_FLT3_IRQHandler
                0x0800138c                USART6_IRQHandler
                0x0800138c                TIM17_IRQHandler
                0x0800138c                USART3_IRQHandler
                0x0800138c                BDMA_Channel7_IRQHandler
                0x0800138c                CRYP_IRQHandler
                0x0800138c                LPTIM5_IRQHandler
                0x0800138c                UART5_IRQHandler
                0x0800138c                ADC3_IRQHandler
                0x0800138c                DMA2_Stream0_IRQHandler
                0x0800138c                TIM4_IRQHandler
                0x0800138c                BDMA_Channel2_IRQHandler
                0x0800138c                QUADSPI_IRQHandler
                0x0800138c                I2C1_EV_IRQHandler
                0x0800138c                DMA1_Stream6_IRQHandler
                0x0800138c                DMAMUX1_OVR_IRQHandler
                0x0800138c                DMA1_Stream1_IRQHandler
                0x0800138c                TIM16_IRQHandler
                0x0800138c                UART4_IRQHandler
                0x0800138c                BDMA_Channel5_IRQHandler
                0x0800138c                RCC_IRQHandler
                0x0800138c                TIM8_BRK_TIM12_IRQHandler
                0x0800138c                TIM1_TRG_COM_IRQHandler
                0x0800138c                Default_Handler
                0x0800138c                ECC_IRQHandler
                0x0800138c                CEC_IRQHandler
                0x0800138c                EXTI15_10_IRQHandler
                0x0800138c                BDMA_Channel0_IRQHandler
                0x0800138c                ADC_IRQHandler
                0x0800138c                DMA1_Stream7_IRQHandler
                0x0800138c                HRTIM1_TIMA_IRQHandler
                0x0800138c                SPI5_IRQHandler
                0x0800138c                TIM7_IRQHandler
                0x0800138c                SDMMC1_IRQHandler
                0x0800138c                TIM5_IRQHandler
                0x0800138c                DMA2_Stream7_IRQHandler
                0x0800138c                TIM15_IRQHandler
                0x0800138c                PVD_AVD_IRQHandler
                0x0800138c                I2C3_EV_IRQHandler
                0x0800138c                EXTI9_5_IRQHandler
                0x0800138c                RTC_WKUP_IRQHandler
                0x0800138c                LTDC_IRQHandler
                0x0800138c                SAI3_IRQHandler
                0x0800138c                ETH_WKUP_IRQHandler
                0x0800138c                SPDIF_RX_IRQHandler
                0x0800138c                SPI2_IRQHandler
                0x0800138c                DMA1_Stream0_IRQHandler
                0x0800138c                CRS_IRQHandler
                0x0800138c                EXTI4_IRQHandler
                0x0800138c                HRTIM1_TIMB_IRQHandler
                0x0800138c                FDCAN2_IT1_IRQHandler
                0x0800138c                ETH_IRQHandler
                0x0800138c                TIM1_UP_IRQHandler
                0x0800138c                BDMA_Channel4_IRQHandler
                0x0800138c                WWDG_IRQHandler
                0x0800138c                SPI6_IRQHandler
                0x0800138c                MDIOS_IRQHandler
                0x0800138c                I2C4_EV_IRQHandler
                0x0800138c                FDCAN2_IT0_IRQHandler
                0x0800138c                LPUART1_IRQHandler
                0x0800138c                FDCAN1_IT0_IRQHandler
                0x0800138c                TIM2_IRQHandler
                0x0800138c                OTG_FS_WKUP_IRQHandler
                0x0800138c                DMA2D_IRQHandler
                0x0800138c                TIM1_BRK_IRQHandler
                0x0800138c                SDMMC2_IRQHandler
                0x0800138c                OTG_FS_EP1_OUT_IRQHandler
                0x0800138c                BDMA_Channel3_IRQHandler
                0x0800138c                UART7_IRQHandler
                0x0800138c                MDIOS_WKUP_IRQHandler
                0x0800138c                USART2_IRQHandler
                0x0800138c                DFSDM1_FLT0_IRQHandler
                0x0800138c                SAI4_IRQHandler
                0x0800138c                I2C2_ER_IRQHandler
                0x0800138c                DMA2_Stream1_IRQHandler
                0x0800138c                FLASH_IRQHandler
                0x0800138c                DMA2_Stream4_IRQHandler
                0x0800138c                OTG_FS_IRQHandler
                0x0800138c                SPI3_IRQHandler
                0x0800138c                WAKEUP_PIN_IRQHandler
                0x0800138c                DMA1_Stream4_IRQHandler
                0x0800138c                OTG_FS_EP1_IN_IRQHandler
                0x0800138c                I2C1_ER_IRQHandler
                0x0800138c                FMC_IRQHandler
                0x0800138c                FDCAN_CAL_IRQHandler
                0x0800138c                SWPMI1_IRQHandler
                0x0800138c                COMP1_IRQHandler
                0x0800138c                LPTIM1_IRQHandler
                0x0800138c                I2C4_ER_IRQHandler
                0x0800138c                DMA2_Stream6_IRQHandler
                0x0800138c                SAI1_IRQHandler
                0x0800138c                DMA1_Stream3_IRQHandler
 *fill*         0x0800138e        0x2 
 .text.HAL_InitTick
                0x08001390       0x50 CMakeFiles/Integral_PMT.elf.dir/Drivers/STM32H7xx_HAL_Driver/Src/stm32h7xx_hal.c.obj
                0x08001390                HAL_InitTick
 .text.HAL_Init
                0x080013e0       0x5c CMakeFiles/Integral_PMT.elf.dir/Drivers/STM32H7xx_HAL_Driver/Src/stm32h7xx_hal.c.obj
                0x080013e0                HAL_Init
 .text.HAL_IncTick
                0x0800143c       0x18 CMakeFiles/Integral_PMT.elf.dir/Drivers/STM32H7xx_HAL_Driver/Src/stm32h7xx_hal.c.obj
                0x0800143c                HAL_IncTick
 .text.HAL_GetTick
                0x08001454        0xc CMakeFiles/Integral_PMT.elf.dir/Drivers/STM32H7xx_HAL_Driver/Src/stm32h7xx_hal.c.obj
                0x08001454                HAL_GetTick
 .text.HAL_Delay
                0x08001460       0x28 CMakeFiles/Integral_PMT.elf.dir/Drivers/STM32H7xx_HAL_Driver/Src/stm32h7xx_hal.c.obj
                0x08001460                HAL_Delay
 .text.HAL_GetREVID
                0x08001488        0xc CMakeFiles/Integral_PMT.elf.dir/Drivers/STM32H7xx_HAL_Driver/Src/stm32h7xx_hal.c.obj
                0x08001488                HAL_GetREVID
 .text.HAL_NVIC_SetPriorityGrouping
                0x08001494       0x24 CMakeFiles/Integral_PMT.elf.dir/Drivers/STM32H7xx_HAL_Driver/Src/stm32h7xx_hal_cortex.c.obj
                0x08001494                HAL_NVIC_SetPriorityGrouping
 .text.HAL_NVIC_SetPriority
                0x080014b8       0x6c CMakeFiles/Integral_PMT.elf.dir/Drivers/STM32H7xx_HAL_Driver/Src/stm32h7xx_hal_cortex.c.obj
                0x080014b8                HAL_NVIC_SetPriority
 .text.HAL_NVIC_EnableIRQ
                0x08001524       0x1c CMakeFiles/Integral_PMT.elf.dir/Drivers/STM32H7xx_HAL_Driver/Src/stm32h7xx_hal_cortex.c.obj
                0x08001524                HAL_NVIC_EnableIRQ
 .text.HAL_SYSTICK_Config
                0x08001540       0x28 CMakeFiles/Integral_PMT.elf.dir/Drivers/STM32H7xx_HAL_Driver/Src/stm32h7xx_hal_cortex.c.obj
                0x08001540                HAL_SYSTICK_Config
 .text.HAL_DMA_Abort
                0x08001568      0x340 CMakeFiles/Integral_PMT.elf.dir/Drivers/STM32H7xx_HAL_Driver/Src/stm32h7xx_hal_dma.c.obj
                0x08001568                HAL_DMA_Abort
 .text.HAL_DMA_Abort_IT
                0x080018a8      0x270 CMakeFiles/Integral_PMT.elf.dir/Drivers/STM32H7xx_HAL_Driver/Src/stm32h7xx_hal_dma.c.obj
                0x080018a8                HAL_DMA_Abort_IT
 .text.HAL_GPIO_Init
                0x08001b18      0x228 CMakeFiles/Integral_PMT.elf.dir/Drivers/STM32H7xx_HAL_Driver/Src/stm32h7xx_hal_gpio.c.obj
                0x08001b18                HAL_GPIO_Init
 .text.HAL_GPIO_WritePin
                0x08001d40        0xc CMakeFiles/Integral_PMT.elf.dir/Drivers/STM32H7xx_HAL_Driver/Src/stm32h7xx_hal_gpio.c.obj
                0x08001d40                HAL_GPIO_WritePin
 .text.HAL_GPIO_EXTI_Callback
                0x08001d4c        0x2 CMakeFiles/Integral_PMT.elf.dir/Drivers/STM32H7xx_HAL_Driver/Src/stm32h7xx_hal_gpio.c.obj
                0x08001d4c                HAL_GPIO_EXTI_Callback
 .text.HAL_GPIO_EXTI_IRQHandler
                0x08001d4e       0x1e CMakeFiles/Integral_PMT.elf.dir/Drivers/STM32H7xx_HAL_Driver/Src/stm32h7xx_hal_gpio.c.obj
                0x08001d4e                HAL_GPIO_EXTI_IRQHandler
 .text.PCD_WriteEmptyTxFifo
                0x08001d6c       0xd0 CMakeFiles/Integral_PMT.elf.dir/Drivers/STM32H7xx_HAL_Driver/Src/stm32h7xx_hal_pcd.c.obj
 .text.HAL_PCD_Init
                0x08001e3c      0x102 CMakeFiles/Integral_PMT.elf.dir/Drivers/STM32H7xx_HAL_Driver/Src/stm32h7xx_hal_pcd.c.obj
                0x08001e3c                HAL_PCD_Init
 .text.HAL_PCD_Start
                0x08001f3e       0x44 CMakeFiles/Integral_PMT.elf.dir/Drivers/STM32H7xx_HAL_Driver/Src/stm32h7xx_hal_pcd.c.obj
                0x08001f3e                HAL_PCD_Start
 *fill*         0x08001f82        0x2 
 .text.PCD_EP_OutXfrComplete_int
                0x08001f84      0x104 CMakeFiles/Integral_PMT.elf.dir/Drivers/STM32H7xx_HAL_Driver/Src/stm32h7xx_hal_pcd.c.obj
 .text.PCD_EP_OutSetupPacket_int
                0x08002088       0x50 CMakeFiles/Integral_PMT.elf.dir/Drivers/STM32H7xx_HAL_Driver/Src/stm32h7xx_hal_pcd.c.obj
 .text.HAL_PCD_SetAddress
                0x080020d8       0x26 CMakeFiles/Integral_PMT.elf.dir/Drivers/STM32H7xx_HAL_Driver/Src/stm32h7xx_hal_pcd.c.obj
                0x080020d8                HAL_PCD_SetAddress
 .text.HAL_PCD_EP_Open
                0x080020fe       0x88 CMakeFiles/Integral_PMT.elf.dir/Drivers/STM32H7xx_HAL_Driver/Src/stm32h7xx_hal_pcd.c.obj
                0x080020fe                HAL_PCD_EP_Open
 .text.HAL_PCD_EP_Close
                0x08002186       0x70 CMakeFiles/Integral_PMT.elf.dir/Drivers/STM32H7xx_HAL_Driver/Src/stm32h7xx_hal_pcd.c.obj
                0x08002186                HAL_PCD_EP_Close
 .text.HAL_PCD_EP_Receive
                0x080021f6       0x4a CMakeFiles/Integral_PMT.elf.dir/Drivers/STM32H7xx_HAL_Driver/Src/stm32h7xx_hal_pcd.c.obj
                0x080021f6                HAL_PCD_EP_Receive
 .text.HAL_PCD_EP_GetRxCount
                0x08002240       0x12 CMakeFiles/Integral_PMT.elf.dir/Drivers/STM32H7xx_HAL_Driver/Src/stm32h7xx_hal_pcd.c.obj
                0x08002240                HAL_PCD_EP_GetRxCount
 .text.HAL_PCD_EP_Transmit
                0x08002252       0x4a CMakeFiles/Integral_PMT.elf.dir/Drivers/STM32H7xx_HAL_Driver/Src/stm32h7xx_hal_pcd.c.obj
                0x08002252                HAL_PCD_EP_Transmit
 .text.HAL_PCD_EP_SetStall
                0x0800229c       0x86 CMakeFiles/Integral_PMT.elf.dir/Drivers/STM32H7xx_HAL_Driver/Src/stm32h7xx_hal_pcd.c.obj
                0x0800229c                HAL_PCD_EP_SetStall
 .text.HAL_PCD_EP_ClrStall
                0x08002322       0x74 CMakeFiles/Integral_PMT.elf.dir/Drivers/STM32H7xx_HAL_Driver/Src/stm32h7xx_hal_pcd.c.obj
                0x08002322                HAL_PCD_EP_ClrStall
 .text.HAL_PCD_EP_Abort
                0x08002396       0x34 CMakeFiles/Integral_PMT.elf.dir/Drivers/STM32H7xx_HAL_Driver/Src/stm32h7xx_hal_pcd.c.obj
                0x08002396                HAL_PCD_EP_Abort
 .text.HAL_PCD_IRQHandler
                0x080023ca      0x5fe CMakeFiles/Integral_PMT.elf.dir/Drivers/STM32H7xx_HAL_Driver/Src/stm32h7xx_hal_pcd.c.obj
                0x080023ca                HAL_PCD_IRQHandler
 .text.HAL_PCDEx_SetTxFiFo
                0x080029c8       0x4a CMakeFiles/Integral_PMT.elf.dir/Drivers/STM32H7xx_HAL_Driver/Src/stm32h7xx_hal_pcd_ex.c.obj
                0x080029c8                HAL_PCDEx_SetTxFiFo
 .text.HAL_PCDEx_SetRxFiFo
                0x08002a12        0x8 CMakeFiles/Integral_PMT.elf.dir/Drivers/STM32H7xx_HAL_Driver/Src/stm32h7xx_hal_pcd_ex.c.obj
                0x08002a12                HAL_PCDEx_SetRxFiFo
 *fill*         0x08002a1a        0x2 
 .text.HAL_PCDEx_ActivateLPM
                0x08002a1c       0x28 CMakeFiles/Integral_PMT.elf.dir/Drivers/STM32H7xx_HAL_Driver/Src/stm32h7xx_hal_pcd_ex.c.obj
                0x08002a1c                HAL_PCDEx_ActivateLPM
 .text.HAL_PCDEx_LPM_Callback
                0x08002a44        0x2 CMakeFiles/Integral_PMT.elf.dir/Drivers/STM32H7xx_HAL_Driver/Src/stm32h7xx_hal_pcd_ex.c.obj
                0x08002a44                HAL_PCDEx_LPM_Callback
 *fill*         0x08002a46        0x2 
 .text.HAL_PWREx_ConfigSupply
                0x08002a48       0x54 CMakeFiles/Integral_PMT.elf.dir/Drivers/STM32H7xx_HAL_Driver/Src/stm32h7xx_hal_pwr_ex.c.obj
                0x08002a48                HAL_PWREx_ConfigSupply
 .text.HAL_PWREx_EnableUSBVoltageDetector
                0x08002a9c       0x10 CMakeFiles/Integral_PMT.elf.dir/Drivers/STM32H7xx_HAL_Driver/Src/stm32h7xx_hal_pwr_ex.c.obj
                0x08002a9c                HAL_PWREx_EnableUSBVoltageDetector
 .text.HAL_RCC_OscConfig
                0x08002aac      0x6b4 CMakeFiles/Integral_PMT.elf.dir/Drivers/STM32H7xx_HAL_Driver/Src/stm32h7xx_hal_rcc.c.obj
                0x08002aac                HAL_RCC_OscConfig
 .text.HAL_RCC_GetSysClockFreq
                0x08003160      0x218 CMakeFiles/Integral_PMT.elf.dir/Drivers/STM32H7xx_HAL_Driver/Src/stm32h7xx_hal_rcc.c.obj
                0x08003160                HAL_RCC_GetSysClockFreq
 .text.HAL_RCC_ClockConfig
                0x08003378      0x294 CMakeFiles/Integral_PMT.elf.dir/Drivers/STM32H7xx_HAL_Driver/Src/stm32h7xx_hal_rcc.c.obj
                0x08003378                HAL_RCC_ClockConfig
 .text.HAL_RCC_GetHCLKFreq
                0x0800360c       0x44 CMakeFiles/Integral_PMT.elf.dir/Drivers/STM32H7xx_HAL_Driver/Src/stm32h7xx_hal_rcc.c.obj
                0x0800360c                HAL_RCC_GetHCLKFreq
 .text.HAL_RCC_GetPCLK1Freq
                0x08003650       0x24 CMakeFiles/Integral_PMT.elf.dir/Drivers/STM32H7xx_HAL_Driver/Src/stm32h7xx_hal_rcc.c.obj
                0x08003650                HAL_RCC_GetPCLK1Freq
 .text.HAL_RCC_GetPCLK2Freq
                0x08003674       0x24 CMakeFiles/Integral_PMT.elf.dir/Drivers/STM32H7xx_HAL_Driver/Src/stm32h7xx_hal_rcc.c.obj
                0x08003674                HAL_RCC_GetPCLK2Freq
 .text.RCCEx_PLL2_Config
                0x08003698      0x10c CMakeFiles/Integral_PMT.elf.dir/Drivers/STM32H7xx_HAL_Driver/Src/stm32h7xx_hal_rcc_ex.c.obj
 .text.RCCEx_PLL3_Config
                0x080037a4      0x10c CMakeFiles/Integral_PMT.elf.dir/Drivers/STM32H7xx_HAL_Driver/Src/stm32h7xx_hal_rcc_ex.c.obj
 .text.HAL_RCCEx_PeriphCLKConfig
                0x080038b0      0xa8c CMakeFiles/Integral_PMT.elf.dir/Drivers/STM32H7xx_HAL_Driver/Src/stm32h7xx_hal_rcc_ex.c.obj
                0x080038b0                HAL_RCCEx_PeriphCLKConfig
 .text.HAL_RCCEx_GetD3PCLK1Freq
                0x0800433c       0x24 CMakeFiles/Integral_PMT.elf.dir/Drivers/STM32H7xx_HAL_Driver/Src/stm32h7xx_hal_rcc_ex.c.obj
                0x0800433c                HAL_RCCEx_GetD3PCLK1Freq
 .text.HAL_RCCEx_GetPLL2ClockFreq
                0x08004360      0x234 CMakeFiles/Integral_PMT.elf.dir/Drivers/STM32H7xx_HAL_Driver/Src/stm32h7xx_hal_rcc_ex.c.obj
                0x08004360                HAL_RCCEx_GetPLL2ClockFreq
 .text.HAL_RCCEx_GetPLL3ClockFreq
                0x08004594      0x234 CMakeFiles/Integral_PMT.elf.dir/Drivers/STM32H7xx_HAL_Driver/Src/stm32h7xx_hal_rcc_ex.c.obj
                0x08004594                HAL_RCCEx_GetPLL3ClockFreq
 .text.SPI_GetPacketSize
                0x080047c8       0x10 CMakeFiles/Integral_PMT.elf.dir/Drivers/STM32H7xx_HAL_Driver/Src/stm32h7xx_hal_spi.c.obj
 .text.HAL_SPI_Init
                0x080047d8      0x190 CMakeFiles/Integral_PMT.elf.dir/Drivers/STM32H7xx_HAL_Driver/Src/stm32h7xx_hal_spi.c.obj
                0x080047d8                HAL_SPI_Init
 .text.TIM_OC1_SetConfig
                0x08004968       0xa8 CMakeFiles/Integral_PMT.elf.dir/Drivers/STM32H7xx_HAL_Driver/Src/stm32h7xx_hal_tim.c.obj
 .text.TIM_OC3_SetConfig
                0x08004a10       0x94 CMakeFiles/Integral_PMT.elf.dir/Drivers/STM32H7xx_HAL_Driver/Src/stm32h7xx_hal_tim.c.obj
 .text.TIM_OC4_SetConfig
                0x08004aa4       0x74 CMakeFiles/Integral_PMT.elf.dir/Drivers/STM32H7xx_HAL_Driver/Src/stm32h7xx_hal_tim.c.obj
 .text.TIM_OC5_SetConfig
                0x08004b18       0x74 CMakeFiles/Integral_PMT.elf.dir/Drivers/STM32H7xx_HAL_Driver/Src/stm32h7xx_hal_tim.c.obj
 .text.TIM_OC6_SetConfig
                0x08004b8c       0x74 CMakeFiles/Integral_PMT.elf.dir/Drivers/STM32H7xx_HAL_Driver/Src/stm32h7xx_hal_tim.c.obj
 .text.TIM_TI1_ConfigInputStage
                0x08004c00       0x24 CMakeFiles/Integral_PMT.elf.dir/Drivers/STM32H7xx_HAL_Driver/Src/stm32h7xx_hal_tim.c.obj
 .text.TIM_TI2_ConfigInputStage
                0x08004c24       0x26 CMakeFiles/Integral_PMT.elf.dir/Drivers/STM32H7xx_HAL_Driver/Src/stm32h7xx_hal_tim.c.obj
 *fill*         0x08004c4a        0x2 
 .text.TIM_ITRx_SetConfig
                0x08004c4c       0x14 CMakeFiles/Integral_PMT.elf.dir/Drivers/STM32H7xx_HAL_Driver/Src/stm32h7xx_hal_tim.c.obj
 .text.HAL_TIM_PWM_MspInit
                0x08004c60        0x2 CMakeFiles/Integral_PMT.elf.dir/Drivers/STM32H7xx_HAL_Driver/Src/stm32h7xx_hal_tim.c.obj
                0x08004c60                HAL_TIM_PWM_MspInit
 .text.HAL_TIM_PeriodElapsedCallback
                0x08004c62        0x2 CMakeFiles/Integral_PMT.elf.dir/Drivers/STM32H7xx_HAL_Driver/Src/stm32h7xx_hal_tim.c.obj
                0x08004c62                HAL_TIM_PeriodElapsedCallback
 .text.HAL_TIM_OC_DelayElapsedCallback
                0x08004c64        0x2 CMakeFiles/Integral_PMT.elf.dir/Drivers/STM32H7xx_HAL_Driver/Src/stm32h7xx_hal_tim.c.obj
                0x08004c64                HAL_TIM_OC_DelayElapsedCallback
 .text.HAL_TIM_IC_CaptureCallback
                0x08004c66        0x2 CMakeFiles/Integral_PMT.elf.dir/Drivers/STM32H7xx_HAL_Driver/Src/stm32h7xx_hal_tim.c.obj
                0x08004c66                HAL_TIM_IC_CaptureCallback
 .text.HAL_TIM_PWM_PulseFinishedCallback
                0x08004c68        0x2 CMakeFiles/Integral_PMT.elf.dir/Drivers/STM32H7xx_HAL_Driver/Src/stm32h7xx_hal_tim.c.obj
                0x08004c68                HAL_TIM_PWM_PulseFinishedCallback
 .text.HAL_TIM_TriggerCallback
                0x08004c6a        0x2 CMakeFiles/Integral_PMT.elf.dir/Drivers/STM32H7xx_HAL_Driver/Src/stm32h7xx_hal_tim.c.obj
                0x08004c6a                HAL_TIM_TriggerCallback
 .text.HAL_TIM_IRQHandler
                0x08004c6c      0x17a CMakeFiles/Integral_PMT.elf.dir/Drivers/STM32H7xx_HAL_Driver/Src/stm32h7xx_hal_tim.c.obj
                0x08004c6c                HAL_TIM_IRQHandler
 *fill*         0x08004de6        0x2 
 .text.TIM_Base_SetConfig
                0x08004de8      0x114 CMakeFiles/Integral_PMT.elf.dir/Drivers/STM32H7xx_HAL_Driver/Src/stm32h7xx_hal_tim.c.obj
                0x08004de8                TIM_Base_SetConfig
 .text.HAL_TIM_Base_Init
                0x08004efc       0x60 CMakeFiles/Integral_PMT.elf.dir/Drivers/STM32H7xx_HAL_Driver/Src/stm32h7xx_hal_tim.c.obj
                0x08004efc                HAL_TIM_Base_Init
 .text.HAL_TIM_PWM_Init
                0x08004f5c       0x60 CMakeFiles/Integral_PMT.elf.dir/Drivers/STM32H7xx_HAL_Driver/Src/stm32h7xx_hal_tim.c.obj
                0x08004f5c                HAL_TIM_PWM_Init
 .text.HAL_TIM_Encoder_Init
                0x08004fbc       0xbc CMakeFiles/Integral_PMT.elf.dir/Drivers/STM32H7xx_HAL_Driver/Src/stm32h7xx_hal_tim.c.obj
                0x08004fbc                HAL_TIM_Encoder_Init
 .text.TIM_OC2_SetConfig
                0x08005078       0x94 CMakeFiles/Integral_PMT.elf.dir/Drivers/STM32H7xx_HAL_Driver/Src/stm32h7xx_hal_tim.c.obj
                0x08005078                TIM_OC2_SetConfig
 .text.HAL_TIM_PWM_ConfigChannel
                0x0800510c      0x13a CMakeFiles/Integral_PMT.elf.dir/Drivers/STM32H7xx_HAL_Driver/Src/stm32h7xx_hal_tim.c.obj
                0x0800510c                HAL_TIM_PWM_ConfigChannel
 .text.TIM_ETR_SetConfig
                0x08005246       0x18 CMakeFiles/Integral_PMT.elf.dir/Drivers/STM32H7xx_HAL_Driver/Src/stm32h7xx_hal_tim.c.obj
                0x08005246                TIM_ETR_SetConfig
 *fill*         0x0800525e        0x2 
 .text.HAL_TIM_ConfigClockSource
                0x08005260      0x138 CMakeFiles/Integral_PMT.elf.dir/Drivers/STM32H7xx_HAL_Driver/Src/stm32h7xx_hal_tim.c.obj
                0x08005260                HAL_TIM_ConfigClockSource
 .text.HAL_TIMEx_MasterConfigSynchronization
                0x08005398       0xa0 CMakeFiles/Integral_PMT.elf.dir/Drivers/STM32H7xx_HAL_Driver/Src/stm32h7xx_hal_tim_ex.c.obj
                0x08005398                HAL_TIMEx_MasterConfigSynchronization
 .text.HAL_TIMEx_CommutCallback
                0x08005438        0x2 CMakeFiles/Integral_PMT.elf.dir/Drivers/STM32H7xx_HAL_Driver/Src/stm32h7xx_hal_tim_ex.c.obj
                0x08005438                HAL_TIMEx_CommutCallback
 .text.HAL_TIMEx_BreakCallback
                0x0800543a        0x2 CMakeFiles/Integral_PMT.elf.dir/Drivers/STM32H7xx_HAL_Driver/Src/stm32h7xx_hal_tim_ex.c.obj
                0x0800543a                HAL_TIMEx_BreakCallback
 .text.HAL_TIMEx_Break2Callback
                0x0800543c        0x2 CMakeFiles/Integral_PMT.elf.dir/Drivers/STM32H7xx_HAL_Driver/Src/stm32h7xx_hal_tim_ex.c.obj
                0x0800543c                HAL_TIMEx_Break2Callback
 *fill*         0x0800543e        0x2 
 .text.UART_EndRxTransfer
                0x08005440       0x58 CMakeFiles/Integral_PMT.elf.dir/Drivers/STM32H7xx_HAL_Driver/Src/stm32h7xx_hal_uart.c.obj
 .text.HAL_UART_TxCpltCallback
                0x08005498        0x2 CMakeFiles/Integral_PMT.elf.dir/Drivers/STM32H7xx_HAL_Driver/Src/stm32h7xx_hal_uart.c.obj
                0x08005498                HAL_UART_TxCpltCallback
 .text.UART_EndTransmit_IT
                0x0800549a       0x24 CMakeFiles/Integral_PMT.elf.dir/Drivers/STM32H7xx_HAL_Driver/Src/stm32h7xx_hal_uart.c.obj
 .text.HAL_UART_ErrorCallback
                0x080054be        0x2 CMakeFiles/Integral_PMT.elf.dir/Drivers/STM32H7xx_HAL_Driver/Src/stm32h7xx_hal_uart.c.obj
                0x080054be                HAL_UART_ErrorCallback
 .text.UART_DMAAbortOnError
                0x080054c0       0x14 CMakeFiles/Integral_PMT.elf.dir/Drivers/STM32H7xx_HAL_Driver/Src/stm32h7xx_hal_uart.c.obj
 .text.HAL_UARTEx_RxEventCallback
                0x080054d4        0x2 CMakeFiles/Integral_PMT.elf.dir/Drivers/STM32H7xx_HAL_Driver/Src/stm32h7xx_hal_uart.c.obj
                0x080054d4                HAL_UARTEx_RxEventCallback
 *fill*         0x080054d6        0x2 
 .text.HAL_UART_IRQHandler
                0x080054d8      0x3b8 CMakeFiles/Integral_PMT.elf.dir/Drivers/STM32H7xx_HAL_Driver/Src/stm32h7xx_hal_uart.c.obj
                0x080054d8                HAL_UART_IRQHandler
 .text.UART_SetConfig
                0x08005890      0x5f4 CMakeFiles/Integral_PMT.elf.dir/Drivers/STM32H7xx_HAL_Driver/Src/stm32h7xx_hal_uart.c.obj
                0x08005890                UART_SetConfig
 .text.UART_AdvFeatureConfig
                0x08005e84       0xca CMakeFiles/Integral_PMT.elf.dir/Drivers/STM32H7xx_HAL_Driver/Src/stm32h7xx_hal_uart.c.obj
                0x08005e84                UART_AdvFeatureConfig
 .text.UART_WaitOnFlagUntilTimeout
                0x08005f4e       0xaa CMakeFiles/Integral_PMT.elf.dir/Drivers/STM32H7xx_HAL_Driver/Src/stm32h7xx_hal_uart.c.obj
                0x08005f4e                UART_WaitOnFlagUntilTimeout
 .text.UART_CheckIdleState
                0x08005ff8       0xca CMakeFiles/Integral_PMT.elf.dir/Drivers/STM32H7xx_HAL_Driver/Src/stm32h7xx_hal_uart.c.obj
                0x08005ff8                UART_CheckIdleState
 .text.HAL_UART_Init
                0x080060c2       0x66 CMakeFiles/Integral_PMT.elf.dir/Drivers/STM32H7xx_HAL_Driver/Src/stm32h7xx_hal_uart.c.obj
                0x080060c2                HAL_UART_Init
 .text.UARTEx_SetNbDataToProcess
                0x08006128       0x4c CMakeFiles/Integral_PMT.elf.dir/Drivers/STM32H7xx_HAL_Driver/Src/stm32h7xx_hal_uart_ex.c.obj
 .text.HAL_UARTEx_WakeupCallback
                0x08006174        0x2 CMakeFiles/Integral_PMT.elf.dir/Drivers/STM32H7xx_HAL_Driver/Src/stm32h7xx_hal_uart_ex.c.obj
                0x08006174                HAL_UARTEx_WakeupCallback
 .text.HAL_UARTEx_RxFifoFullCallback
                0x08006176        0x2 CMakeFiles/Integral_PMT.elf.dir/Drivers/STM32H7xx_HAL_Driver/Src/stm32h7xx_hal_uart_ex.c.obj
                0x08006176                HAL_UARTEx_RxFifoFullCallback
 .text.HAL_UARTEx_TxFifoEmptyCallback
                0x08006178        0x2 CMakeFiles/Integral_PMT.elf.dir/Drivers/STM32H7xx_HAL_Driver/Src/stm32h7xx_hal_uart_ex.c.obj
                0x08006178                HAL_UARTEx_TxFifoEmptyCallback
 .text.HAL_UARTEx_DisableFifoMode
                0x0800617a       0x3e CMakeFiles/Integral_PMT.elf.dir/Drivers/STM32H7xx_HAL_Driver/Src/stm32h7xx_hal_uart_ex.c.obj
                0x0800617a                HAL_UARTEx_DisableFifoMode
 .text.HAL_UARTEx_SetTxFifoThreshold
                0x080061b8       0x4a CMakeFiles/Integral_PMT.elf.dir/Drivers/STM32H7xx_HAL_Driver/Src/stm32h7xx_hal_uart_ex.c.obj
                0x080061b8                HAL_UARTEx_SetTxFifoThreshold
 .text.HAL_UARTEx_SetRxFifoThreshold
                0x08006202       0x4a CMakeFiles/Integral_PMT.elf.dir/Drivers/STM32H7xx_HAL_Driver/Src/stm32h7xx_hal_uart_ex.c.obj
                0x08006202                HAL_UARTEx_SetRxFifoThreshold
 .text.USB_CoreReset
                0x0800624c       0x4a CMakeFiles/Integral_PMT.elf.dir/Drivers/STM32H7xx_HAL_Driver/Src/stm32h7xx_ll_usb.c.obj
 *fill*         0x08006296        0x2 
 .text.USB_CoreInit
                0x08006298       0xa4 CMakeFiles/Integral_PMT.elf.dir/Drivers/STM32H7xx_HAL_Driver/Src/stm32h7xx_ll_usb.c.obj
                0x08006298                USB_CoreInit
 .text.USB_SetTurnaroundTime
                0x0800633c       0xe4 CMakeFiles/Integral_PMT.elf.dir/Drivers/STM32H7xx_HAL_Driver/Src/stm32h7xx_ll_usb.c.obj
                0x0800633c                USB_SetTurnaroundTime
 .text.USB_EnableGlobalInt
                0x08006420        0xc CMakeFiles/Integral_PMT.elf.dir/Drivers/STM32H7xx_HAL_Driver/Src/stm32h7xx_ll_usb.c.obj
                0x08006420                USB_EnableGlobalInt
 .text.USB_DisableGlobalInt
                0x0800642c        0xc CMakeFiles/Integral_PMT.elf.dir/Drivers/STM32H7xx_HAL_Driver/Src/stm32h7xx_ll_usb.c.obj
                0x0800642c                USB_DisableGlobalInt
 .text.USB_FlushTxFifo
                0x08006438       0x4a CMakeFiles/Integral_PMT.elf.dir/Drivers/STM32H7xx_HAL_Driver/Src/stm32h7xx_ll_usb.c.obj
                0x08006438                USB_FlushTxFifo
 .text.USB_FlushRxFifo
                0x08006482       0x46 CMakeFiles/Integral_PMT.elf.dir/Drivers/STM32H7xx_HAL_Driver/Src/stm32h7xx_ll_usb.c.obj
                0x08006482                USB_FlushRxFifo
 .text.USB_SetDevSpeed
                0x080064c8        0xe CMakeFiles/Integral_PMT.elf.dir/Drivers/STM32H7xx_HAL_Driver/Src/stm32h7xx_ll_usb.c.obj
                0x080064c8                USB_SetDevSpeed
 *fill*         0x080064d6        0x2 
 .text.USB_DevInit
                0x080064d8      0x18c CMakeFiles/Integral_PMT.elf.dir/Drivers/STM32H7xx_HAL_Driver/Src/stm32h7xx_ll_usb.c.obj
                0x080064d8                USB_DevInit
 .text.USB_GetDevSpeed
                0x08006664       0x1e CMakeFiles/Integral_PMT.elf.dir/Drivers/STM32H7xx_HAL_Driver/Src/stm32h7xx_ll_usb.c.obj
                0x08006664                USB_GetDevSpeed
 *fill*         0x08006682        0x2 
 .text.USB_ActivateEndpoint
                0x08006684       0x9c CMakeFiles/Integral_PMT.elf.dir/Drivers/STM32H7xx_HAL_Driver/Src/stm32h7xx_ll_usb.c.obj
                0x08006684                USB_ActivateEndpoint
 .text.USB_DeactivateEndpoint
                0x08006720       0xe0 CMakeFiles/Integral_PMT.elf.dir/Drivers/STM32H7xx_HAL_Driver/Src/stm32h7xx_ll_usb.c.obj
                0x08006720                USB_DeactivateEndpoint
 .text.USB_EPStopXfer
                0x08006800       0xbc CMakeFiles/Integral_PMT.elf.dir/Drivers/STM32H7xx_HAL_Driver/Src/stm32h7xx_ll_usb.c.obj
                0x08006800                USB_EPStopXfer
 .text.USB_WritePacket
                0x080068bc       0x2e CMakeFiles/Integral_PMT.elf.dir/Drivers/STM32H7xx_HAL_Driver/Src/stm32h7xx_ll_usb.c.obj
                0x080068bc                USB_WritePacket
 *fill*         0x080068ea        0x2 
 .text.USB_EPStartXfer
                0x080068ec      0x23c CMakeFiles/Integral_PMT.elf.dir/Drivers/STM32H7xx_HAL_Driver/Src/stm32h7xx_ll_usb.c.obj
                0x080068ec                USB_EPStartXfer
 .text.USB_ReadPacket
                0x08006b28       0x54 CMakeFiles/Integral_PMT.elf.dir/Drivers/STM32H7xx_HAL_Driver/Src/stm32h7xx_ll_usb.c.obj
                0x08006b28                USB_ReadPacket
 .text.USB_EPSetStall
                0x08006b7c       0x5a CMakeFiles/Integral_PMT.elf.dir/Drivers/STM32H7xx_HAL_Driver/Src/stm32h7xx_ll_usb.c.obj
                0x08006b7c                USB_EPSetStall
 .text.USB_EPClearStall
                0x08006bd6       0x5c CMakeFiles/Integral_PMT.elf.dir/Drivers/STM32H7xx_HAL_Driver/Src/stm32h7xx_ll_usb.c.obj
                0x08006bd6                USB_EPClearStall
 .text.USB_SetDevAddress
                0x08006c32       0x20 CMakeFiles/Integral_PMT.elf.dir/Drivers/STM32H7xx_HAL_Driver/Src/stm32h7xx_ll_usb.c.obj
                0x08006c32                USB_SetDevAddress
 .text.USB_DevConnect
                0x08006c52       0x1c CMakeFiles/Integral_PMT.elf.dir/Drivers/STM32H7xx_HAL_Driver/Src/stm32h7xx_ll_usb.c.obj
                0x08006c52                USB_DevConnect
 .text.USB_DevDisconnect
                0x08006c6e       0x1c CMakeFiles/Integral_PMT.elf.dir/Drivers/STM32H7xx_HAL_Driver/Src/stm32h7xx_ll_usb.c.obj
                0x08006c6e                USB_DevDisconnect
 .text.USB_ReadInterrupts
                0x08006c8a        0x8 CMakeFiles/Integral_PMT.elf.dir/Drivers/STM32H7xx_HAL_Driver/Src/stm32h7xx_ll_usb.c.obj
                0x08006c8a                USB_ReadInterrupts
 .text.USB_ReadDevAllOutEpInterrupt
                0x08006c92       0x10 CMakeFiles/Integral_PMT.elf.dir/Drivers/STM32H7xx_HAL_Driver/Src/stm32h7xx_ll_usb.c.obj
                0x08006c92                USB_ReadDevAllOutEpInterrupt
 .text.USB_ReadDevAllInEpInterrupt
                0x08006ca2       0x10 CMakeFiles/Integral_PMT.elf.dir/Drivers/STM32H7xx_HAL_Driver/Src/stm32h7xx_ll_usb.c.obj
                0x08006ca2                USB_ReadDevAllInEpInterrupt
 .text.USB_ReadDevOutEPInterrupt
                0x08006cb2       0x12 CMakeFiles/Integral_PMT.elf.dir/Drivers/STM32H7xx_HAL_Driver/Src/stm32h7xx_ll_usb.c.obj
                0x08006cb2                USB_ReadDevOutEPInterrupt
 .text.USB_ReadDevInEPInterrupt
                0x08006cc4       0x26 CMakeFiles/Integral_PMT.elf.dir/Drivers/STM32H7xx_HAL_Driver/Src/stm32h7xx_ll_usb.c.obj
                0x08006cc4                USB_ReadDevInEPInterrupt
 .text.USB_GetMode
                0x08006cea        0x8 CMakeFiles/Integral_PMT.elf.dir/Drivers/STM32H7xx_HAL_Driver/Src/stm32h7xx_ll_usb.c.obj
                0x08006cea                USB_GetMode
 .text.USB_SetCurrentMode
                0x08006cf2       0x62 CMakeFiles/Integral_PMT.elf.dir/Drivers/STM32H7xx_HAL_Driver/Src/stm32h7xx_ll_usb.c.obj
                0x08006cf2                USB_SetCurrentMode
 .text.USB_ActivateSetup
                0x08006d54       0x20 CMakeFiles/Integral_PMT.elf.dir/Drivers/STM32H7xx_HAL_Driver/Src/stm32h7xx_ll_usb.c.obj
                0x08006d54                USB_ActivateSetup
 .text.USB_EP0_OutStart
                0x08006d74       0x5c CMakeFiles/Integral_PMT.elf.dir/Drivers/STM32H7xx_HAL_Driver/Src/stm32h7xx_ll_usb.c.obj
                0x08006d74                USB_EP0_OutStart
 .text.USBD_CDC_EP0_RxReady
                0x08006dd0       0x40 CMakeFiles/Integral_PMT.elf.dir/Middlewares/ST/STM32_USB_Device_Library/Class/CDC/Src/usbd_cdc.c.obj
 .text.USBD_CDC_GetDeviceQualifierDescriptor
                0x08006e10        0xc CMakeFiles/Integral_PMT.elf.dir/Middlewares/ST/STM32_USB_Device_Library/Class/CDC/Src/usbd_cdc.c.obj
                0x08006e10                USBD_CDC_GetDeviceQualifierDescriptor
 .text.USBD_CDC_GetOtherSpeedCfgDesc
                0x08006e1c       0x48 CMakeFiles/Integral_PMT.elf.dir/Middlewares/ST/STM32_USB_Device_Library/Class/CDC/Src/usbd_cdc.c.obj
 .text.USBD_CDC_GetFSCfgDesc
                0x08006e64       0x48 CMakeFiles/Integral_PMT.elf.dir/Middlewares/ST/STM32_USB_Device_Library/Class/CDC/Src/usbd_cdc.c.obj
 .text.USBD_CDC_GetHSCfgDesc
                0x08006eac       0x48 CMakeFiles/Integral_PMT.elf.dir/Middlewares/ST/STM32_USB_Device_Library/Class/CDC/Src/usbd_cdc.c.obj
 .text.USBD_CDC_DataOut
                0x08006ef4       0x38 CMakeFiles/Integral_PMT.elf.dir/Middlewares/ST/STM32_USB_Device_Library/Class/CDC/Src/usbd_cdc.c.obj
 .text.USBD_CDC_DataIn
                0x08006f2c       0x7c CMakeFiles/Integral_PMT.elf.dir/Middlewares/ST/STM32_USB_Device_Library/Class/CDC/Src/usbd_cdc.c.obj
 .text.USBD_CDC_Setup
                0x08006fa8      0x11a CMakeFiles/Integral_PMT.elf.dir/Middlewares/ST/STM32_USB_Device_Library/Class/CDC/Src/usbd_cdc.c.obj
 .text.USBD_CDC_DeInit
                0x080070c2       0x64 CMakeFiles/Integral_PMT.elf.dir/Middlewares/ST/STM32_USB_Device_Library/Class/CDC/Src/usbd_cdc.c.obj
 .text.USBD_CDC_Init
                0x08007126       0xee CMakeFiles/Integral_PMT.elf.dir/Middlewares/ST/STM32_USB_Device_Library/Class/CDC/Src/usbd_cdc.c.obj
 .text.USBD_CDC_RegisterInterface
                0x08007214       0x16 CMakeFiles/Integral_PMT.elf.dir/Middlewares/ST/STM32_USB_Device_Library/Class/CDC/Src/usbd_cdc.c.obj
                0x08007214                USBD_CDC_RegisterInterface
 .text.USBD_CDC_SetTxBuffer
                0x0800722a       0x1c CMakeFiles/Integral_PMT.elf.dir/Middlewares/ST/STM32_USB_Device_Library/Class/CDC/Src/usbd_cdc.c.obj
                0x0800722a                USBD_CDC_SetTxBuffer
 .text.USBD_CDC_SetRxBuffer
                0x08007246       0x18 CMakeFiles/Integral_PMT.elf.dir/Middlewares/ST/STM32_USB_Device_Library/Class/CDC/Src/usbd_cdc.c.obj
                0x08007246                USBD_CDC_SetRxBuffer
 .text.USBD_CDC_ReceivePacket
                0x0800725e       0x38 CMakeFiles/Integral_PMT.elf.dir/Middlewares/ST/STM32_USB_Device_Library/Class/CDC/Src/usbd_cdc.c.obj
                0x0800725e                USBD_CDC_ReceivePacket
 .text.USBD_Init
                0x08007296       0x2e CMakeFiles/Integral_PMT.elf.dir/Middlewares/ST/STM32_USB_Device_Library/Core/Src/usbd_core.c.obj
                0x08007296                USBD_Init
 .text.USBD_RegisterClass
                0x080072c4       0x34 CMakeFiles/Integral_PMT.elf.dir/Middlewares/ST/STM32_USB_Device_Library/Core/Src/usbd_core.c.obj
                0x080072c4                USBD_RegisterClass
 .text.USBD_Start
                0x080072f8        0x8 CMakeFiles/Integral_PMT.elf.dir/Middlewares/ST/STM32_USB_Device_Library/Core/Src/usbd_core.c.obj
                0x080072f8                USBD_Start
 .text.USBD_SetClassConfig
                0x08007300       0x12 CMakeFiles/Integral_PMT.elf.dir/Middlewares/ST/STM32_USB_Device_Library/Core/Src/usbd_core.c.obj
                0x08007300                USBD_SetClassConfig
 .text.USBD_ClrClassConfig
                0x08007312       0x12 CMakeFiles/Integral_PMT.elf.dir/Middlewares/ST/STM32_USB_Device_Library/Core/Src/usbd_core.c.obj
                0x08007312                USBD_ClrClassConfig
 .text.USBD_LL_SetupStage
                0x08007324       0x58 CMakeFiles/Integral_PMT.elf.dir/Middlewares/ST/STM32_USB_Device_Library/Core/Src/usbd_core.c.obj
                0x08007324                USBD_LL_SetupStage
 .text.USBD_LL_Reset
                0x0800737c       0x64 CMakeFiles/Integral_PMT.elf.dir/Middlewares/ST/STM32_USB_Device_Library/Core/Src/usbd_core.c.obj
                0x0800737c                USBD_LL_Reset
 .text.USBD_LL_SetSpeed
                0x080073e0        0x6 CMakeFiles/Integral_PMT.elf.dir/Middlewares/ST/STM32_USB_Device_Library/Core/Src/usbd_core.c.obj
                0x080073e0                USBD_LL_SetSpeed
 .text.USBD_LL_Suspend
                0x080073e6       0x1e CMakeFiles/Integral_PMT.elf.dir/Middlewares/ST/STM32_USB_Device_Library/Core/Src/usbd_core.c.obj
                0x080073e6                USBD_LL_Suspend
 .text.USBD_LL_Resume
                0x08007404       0x1a CMakeFiles/Integral_PMT.elf.dir/Middlewares/ST/STM32_USB_Device_Library/Core/Src/usbd_core.c.obj
                0x08007404                USBD_LL_Resume
 .text.USBD_LL_SOF
                0x0800741e       0x22 CMakeFiles/Integral_PMT.elf.dir/Middlewares/ST/STM32_USB_Device_Library/Core/Src/usbd_core.c.obj
                0x0800741e                USBD_LL_SOF
 .text.USBD_LL_IsoINIncomplete
                0x08007440       0x2e CMakeFiles/Integral_PMT.elf.dir/Middlewares/ST/STM32_USB_Device_Library/Core/Src/usbd_core.c.obj
                0x08007440                USBD_LL_IsoINIncomplete
 .text.USBD_LL_IsoOUTIncomplete
                0x0800746e       0x2e CMakeFiles/Integral_PMT.elf.dir/Middlewares/ST/STM32_USB_Device_Library/Core/Src/usbd_core.c.obj
                0x0800746e                USBD_LL_IsoOUTIncomplete
 .text.USBD_LL_DevConnected
                0x0800749c        0x4 CMakeFiles/Integral_PMT.elf.dir/Middlewares/ST/STM32_USB_Device_Library/Core/Src/usbd_core.c.obj
                0x0800749c                USBD_LL_DevConnected
 .text.USBD_LL_DevDisconnected
                0x080074a0       0x20 CMakeFiles/Integral_PMT.elf.dir/Middlewares/ST/STM32_USB_Device_Library/Core/Src/usbd_core.c.obj
                0x080074a0                USBD_LL_DevDisconnected
 .text.USBD_CoreFindIF
                0x080074c0        0x4 CMakeFiles/Integral_PMT.elf.dir/Middlewares/ST/STM32_USB_Device_Library/Core/Src/usbd_core.c.obj
                0x080074c0                USBD_CoreFindIF
 .text.USBD_CoreFindEP
                0x080074c4        0x4 CMakeFiles/Integral_PMT.elf.dir/Middlewares/ST/STM32_USB_Device_Library/Core/Src/usbd_core.c.obj
                0x080074c4                USBD_CoreFindEP
 .text.USBD_LL_DataOutStage
                0x080074c8       0xc6 CMakeFiles/Integral_PMT.elf.dir/Middlewares/ST/STM32_USB_Device_Library/Core/Src/usbd_core.c.obj
                0x080074c8                USBD_LL_DataOutStage
 .text.USBD_LL_DataInStage
                0x0800758e       0xd6 CMakeFiles/Integral_PMT.elf.dir/Middlewares/ST/STM32_USB_Device_Library/Core/Src/usbd_core.c.obj
                0x0800758e                USBD_LL_DataInStage
 .text.USBD_GetNextDesc
                0x08007664        0xe CMakeFiles/Integral_PMT.elf.dir/Middlewares/ST/STM32_USB_Device_Library/Core/Src/usbd_core.c.obj
                0x08007664                USBD_GetNextDesc
 .text.USBD_GetEpDesc
                0x08007672       0x3e CMakeFiles/Integral_PMT.elf.dir/Middlewares/ST/STM32_USB_Device_Library/Core/Src/usbd_core.c.obj
                0x08007672                USBD_GetEpDesc
 .text.USBD_GetLen
                0x080076b0       0x14 CMakeFiles/Integral_PMT.elf.dir/Middlewares/ST/STM32_USB_Device_Library/Core/Src/usbd_ctlreq.c.obj
 .text.USBD_ParseSetupRequest
                0x080076c4       0x28 CMakeFiles/Integral_PMT.elf.dir/Middlewares/ST/STM32_USB_Device_Library/Core/Src/usbd_ctlreq.c.obj
                0x080076c4                USBD_ParseSetupRequest
 .text.USBD_CtlError
                0x080076ec       0x14 CMakeFiles/Integral_PMT.elf.dir/Middlewares/ST/STM32_USB_Device_Library/Core/Src/usbd_ctlreq.c.obj
                0x080076ec                USBD_CtlError
 .text.USBD_GetDescriptor
                0x08007700      0x18a CMakeFiles/Integral_PMT.elf.dir/Middlewares/ST/STM32_USB_Device_Library/Core/Src/usbd_ctlreq.c.obj
 .text.USBD_SetAddress
                0x0800788a       0x50 CMakeFiles/Integral_PMT.elf.dir/Middlewares/ST/STM32_USB_Device_Library/Core/Src/usbd_ctlreq.c.obj
 *fill*         0x080078da        0x2 
 .text.USBD_SetConfig
                0x080078dc       0xcc CMakeFiles/Integral_PMT.elf.dir/Middlewares/ST/STM32_USB_Device_Library/Core/Src/usbd_ctlreq.c.obj
 .text.USBD_GetConfig
                0x080079a8       0x40 CMakeFiles/Integral_PMT.elf.dir/Middlewares/ST/STM32_USB_Device_Library/Core/Src/usbd_ctlreq.c.obj
 .text.USBD_GetStatus
                0x080079e8       0x38 CMakeFiles/Integral_PMT.elf.dir/Middlewares/ST/STM32_USB_Device_Library/Core/Src/usbd_ctlreq.c.obj
 .text.USBD_SetFeature
                0x08007a20       0x2a CMakeFiles/Integral_PMT.elf.dir/Middlewares/ST/STM32_USB_Device_Library/Core/Src/usbd_ctlreq.c.obj
 .text.USBD_ClrFeature
                0x08007a4a       0x26 CMakeFiles/Integral_PMT.elf.dir/Middlewares/ST/STM32_USB_Device_Library/Core/Src/usbd_ctlreq.c.obj
 .text.USBD_StdDevReq
                0x08007a70       0x76 CMakeFiles/Integral_PMT.elf.dir/Middlewares/ST/STM32_USB_Device_Library/Core/Src/usbd_ctlreq.c.obj
                0x08007a70                USBD_StdDevReq
 .text.USBD_StdItfReq
                0x08007ae6       0x84 CMakeFiles/Integral_PMT.elf.dir/Middlewares/ST/STM32_USB_Device_Library/Core/Src/usbd_ctlreq.c.obj
                0x08007ae6                USBD_StdItfReq
 .text.USBD_StdEPReq
                0x08007b6a      0x232 CMakeFiles/Integral_PMT.elf.dir/Middlewares/ST/STM32_USB_Device_Library/Core/Src/usbd_ctlreq.c.obj
                0x08007b6a                USBD_StdEPReq
 .text.USBD_GetString
                0x08007d9c       0x46 CMakeFiles/Integral_PMT.elf.dir/Middlewares/ST/STM32_USB_Device_Library/Core/Src/usbd_ctlreq.c.obj
                0x08007d9c                USBD_GetString
 .text.USBD_CtlSendData
                0x08007de2       0x1a CMakeFiles/Integral_PMT.elf.dir/Middlewares/ST/STM32_USB_Device_Library/Core/Src/usbd_ioreq.c.obj
                0x08007de2                USBD_CtlSendData
 .text.USBD_CtlContinueSendData
                0x08007dfc       0x10 CMakeFiles/Integral_PMT.elf.dir/Middlewares/ST/STM32_USB_Device_Library/Core/Src/usbd_ioreq.c.obj
                0x08007dfc                USBD_CtlContinueSendData
 .text.USBD_CtlPrepareRx
                0x08007e0c       0x1e CMakeFiles/Integral_PMT.elf.dir/Middlewares/ST/STM32_USB_Device_Library/Core/Src/usbd_ioreq.c.obj
                0x08007e0c                USBD_CtlPrepareRx
 .text.USBD_CtlContinueRx
                0x08007e2a       0x10 CMakeFiles/Integral_PMT.elf.dir/Middlewares/ST/STM32_USB_Device_Library/Core/Src/usbd_ioreq.c.obj
                0x08007e2a                USBD_CtlContinueRx
 .text.USBD_CtlSendStatus
                0x08007e3a       0x16 CMakeFiles/Integral_PMT.elf.dir/Middlewares/ST/STM32_USB_Device_Library/Core/Src/usbd_ioreq.c.obj
                0x08007e3a                USBD_CtlSendStatus
 .text.USBD_CtlReceiveStatus
                0x08007e50       0x16 CMakeFiles/Integral_PMT.elf.dir/Middlewares/ST/STM32_USB_Device_Library/Core/Src/usbd_ioreq.c.obj
                0x08007e50                USBD_CtlReceiveStatus
 *fill*         0x08007e66        0x2 
 .text.MX_USB_DEVICE_Init
                0x08007e68       0x58 CMakeFiles/Integral_PMT.elf.dir/USB_DEVICE/App/usb_device.c.obj
                0x08007e68                MX_USB_DEVICE_Init
 .text.CDC_DeInit_HS
                0x08007ec0        0x4 CMakeFiles/Integral_PMT.elf.dir/USB_DEVICE/App/usbd_cdc_if.c.obj
 .text.CDC_Control_HS
                0x08007ec4        0x4 CMakeFiles/Integral_PMT.elf.dir/USB_DEVICE/App/usbd_cdc_if.c.obj
 .text.CDC_TransmitCplt_HS
                0x08007ec8        0x4 CMakeFiles/Integral_PMT.elf.dir/USB_DEVICE/App/usbd_cdc_if.c.obj
 .text.CDC_Receive_HS
                0x08007ecc       0x1c CMakeFiles/Integral_PMT.elf.dir/USB_DEVICE/App/usbd_cdc_if.c.obj
 .text.CDC_Init_HS
                0x08007ee8       0x28 CMakeFiles/Integral_PMT.elf.dir/USB_DEVICE/App/usbd_cdc_if.c.obj
 .text.USBD_HS_DeviceDescriptor
                0x08007f10        0xc CMakeFiles/Integral_PMT.elf.dir/USB_DEVICE/App/usbd_desc.c.obj
                0x08007f10                USBD_HS_DeviceDescriptor
 .text.USBD_HS_LangIDStrDescriptor
                0x08007f1c        0xc CMakeFiles/Integral_PMT.elf.dir/USB_DEVICE/App/usbd_desc.c.obj
                0x08007f1c                USBD_HS_LangIDStrDescriptor
 .text.IntToUnicode
                0x08007f28       0x46 CMakeFiles/Integral_PMT.elf.dir/USB_DEVICE/App/usbd_desc.c.obj
 *fill*         0x08007f6e        0x2 
 .text.Get_SerialNum
                0x08007f70       0x38 CMakeFiles/Integral_PMT.elf.dir/USB_DEVICE/App/usbd_desc.c.obj
 .text.USBD_HS_SerialStrDescriptor
                0x08007fa8       0x14 CMakeFiles/Integral_PMT.elf.dir/USB_DEVICE/App/usbd_desc.c.obj
                0x08007fa8                USBD_HS_SerialStrDescriptor
 .text.USBD_HS_ProductStrDescriptor
                0x08007fbc       0x24 CMakeFiles/Integral_PMT.elf.dir/USB_DEVICE/App/usbd_desc.c.obj
                0x08007fbc                USBD_HS_ProductStrDescriptor
 .text.USBD_HS_ManufacturerStrDescriptor
                0x08007fe0       0x1c CMakeFiles/Integral_PMT.elf.dir/USB_DEVICE/App/usbd_desc.c.obj
                0x08007fe0                USBD_HS_ManufacturerStrDescriptor
 .text.USBD_HS_ConfigStrDescriptor
                0x08007ffc       0x24 CMakeFiles/Integral_PMT.elf.dir/USB_DEVICE/App/usbd_desc.c.obj
                0x08007ffc                USBD_HS_ConfigStrDescriptor
 .text.USBD_HS_InterfaceStrDescriptor
                0x08008020       0x24 CMakeFiles/Integral_PMT.elf.dir/USB_DEVICE/App/usbd_desc.c.obj
                0x08008020                USBD_HS_InterfaceStrDescriptor
 .text.HAL_PCD_MspInit
                0x08008044      0x150 CMakeFiles/Integral_PMT.elf.dir/USB_DEVICE/Target/usbd_conf.c.obj
                0x08008044                HAL_PCD_MspInit
 .text.HAL_PCD_SetupStageCallback
                0x08008194       0x10 CMakeFiles/Integral_PMT.elf.dir/USB_DEVICE/Target/usbd_conf.c.obj
                0x08008194                HAL_PCD_SetupStageCallback
 .text.HAL_PCD_DataOutStageCallback
                0x080081a4       0x18 CMakeFiles/Integral_PMT.elf.dir/USB_DEVICE/Target/usbd_conf.c.obj
                0x080081a4                HAL_PCD_DataOutStageCallback
 .text.HAL_PCD_DataInStageCallback
                0x080081bc       0x16 CMakeFiles/Integral_PMT.elf.dir/USB_DEVICE/Target/usbd_conf.c.obj
                0x080081bc                HAL_PCD_DataInStageCallback
 .text.HAL_PCD_SOFCallback
                0x080081d2        0xc CMakeFiles/Integral_PMT.elf.dir/USB_DEVICE/Target/usbd_conf.c.obj
                0x080081d2                HAL_PCD_SOFCallback
 .text.HAL_PCD_ResetCallback
                0x080081de       0x28 CMakeFiles/Integral_PMT.elf.dir/USB_DEVICE/Target/usbd_conf.c.obj
                0x080081de                HAL_PCD_ResetCallback
 *fill*         0x08008206        0x2 
 .text.HAL_PCD_SuspendCallback
                0x08008208       0x30 CMakeFiles/Integral_PMT.elf.dir/USB_DEVICE/Target/usbd_conf.c.obj
                0x08008208                HAL_PCD_SuspendCallback
 .text.HAL_PCD_ResumeCallback
                0x08008238        0xc CMakeFiles/Integral_PMT.elf.dir/USB_DEVICE/Target/usbd_conf.c.obj
                0x08008238                HAL_PCD_ResumeCallback
 .text.HAL_PCD_ISOOUTIncompleteCallback
                0x08008244        0xc CMakeFiles/Integral_PMT.elf.dir/USB_DEVICE/Target/usbd_conf.c.obj
                0x08008244                HAL_PCD_ISOOUTIncompleteCallback
 .text.HAL_PCD_ISOINIncompleteCallback
                0x08008250        0xc CMakeFiles/Integral_PMT.elf.dir/USB_DEVICE/Target/usbd_conf.c.obj
                0x08008250                HAL_PCD_ISOINIncompleteCallback
 .text.HAL_PCD_ConnectCallback
                0x0800825c        0xc CMakeFiles/Integral_PMT.elf.dir/USB_DEVICE/Target/usbd_conf.c.obj
                0x0800825c                HAL_PCD_ConnectCallback
 .text.HAL_PCD_DisconnectCallback
                0x08008268        0xc CMakeFiles/Integral_PMT.elf.dir/USB_DEVICE/Target/usbd_conf.c.obj
                0x08008268                HAL_PCD_DisconnectCallback
 .text.USBD_LL_Init
                0x08008274       0x70 CMakeFiles/Integral_PMT.elf.dir/USB_DEVICE/Target/usbd_conf.c.obj
                0x08008274                USBD_LL_Init
 .text.USBD_LL_IsStallEP
                0x080082e4       0x2c CMakeFiles/Integral_PMT.elf.dir/USB_DEVICE/Target/usbd_conf.c.obj
                0x080082e4                USBD_LL_IsStallEP
 .text.USBD_LL_GetRxDataSize
                0x08008310        0xc CMakeFiles/Integral_PMT.elf.dir/USB_DEVICE/Target/usbd_conf.c.obj
                0x08008310                USBD_LL_GetRxDataSize
 .text.USBD_static_malloc
                0x0800831c        0x8 CMakeFiles/Integral_PMT.elf.dir/USB_DEVICE/Target/usbd_conf.c.obj
                0x0800831c                USBD_static_malloc
 .text.USBD_static_free
                0x08008324        0x2 CMakeFiles/Integral_PMT.elf.dir/USB_DEVICE/Target/usbd_conf.c.obj
                0x08008324                USBD_static_free
 .text.USBD_Get_USB_Status
                0x08008326       0x14 CMakeFiles/Integral_PMT.elf.dir/USB_DEVICE/Target/usbd_conf.c.obj
                0x08008326                USBD_Get_USB_Status
 .text.USBD_LL_Start
                0x0800833a       0x10 CMakeFiles/Integral_PMT.elf.dir/USB_DEVICE/Target/usbd_conf.c.obj
                0x0800833a                USBD_LL_Start
 .text.USBD_LL_OpenEP
                0x0800834a       0x16 CMakeFiles/Integral_PMT.elf.dir/USB_DEVICE/Target/usbd_conf.c.obj
                0x0800834a                USBD_LL_OpenEP
 .text.USBD_LL_CloseEP
                0x08008360       0x10 CMakeFiles/Integral_PMT.elf.dir/USB_DEVICE/Target/usbd_conf.c.obj
                0x08008360                USBD_LL_CloseEP
 .text.USBD_LL_StallEP
                0x08008370       0x10 CMakeFiles/Integral_PMT.elf.dir/USB_DEVICE/Target/usbd_conf.c.obj
                0x08008370                USBD_LL_StallEP
 .text.USBD_LL_ClearStallEP
                0x08008380       0x10 CMakeFiles/Integral_PMT.elf.dir/USB_DEVICE/Target/usbd_conf.c.obj
                0x08008380                USBD_LL_ClearStallEP
 .text.USBD_LL_SetUSBAddress
                0x08008390       0x10 CMakeFiles/Integral_PMT.elf.dir/USB_DEVICE/Target/usbd_conf.c.obj
                0x08008390                USBD_LL_SetUSBAddress
 .text.USBD_LL_Transmit
                0x080083a0       0x10 CMakeFiles/Integral_PMT.elf.dir/USB_DEVICE/Target/usbd_conf.c.obj
                0x080083a0                USBD_LL_Transmit
 .text.USBD_LL_PrepareReceive
                0x080083b0       0x10 CMakeFiles/Integral_PMT.elf.dir/USB_DEVICE/Target/usbd_conf.c.obj
                0x080083b0                USBD_LL_PrepareReceive
 .text.__libc_init_array
                0x080083c0       0x48 f:/work/arm-none-eabi-gcc/gcc-arm-none-eabi-10.3-2021.10-win32/gcc-arm-none-eabi-10.3-2021.10/bin/../lib/gcc/arm-none-eabi/10.3.1/../../../../arm-none-eabi/lib/thumb/v7e-m/nofp\libg.a(lib_a-init.o)
                0x080083c0                __libc_init_array
 .text.memset   0x08008408       0xa4 f:/work/arm-none-eabi-gcc/gcc-arm-none-eabi-10.3-2021.10-win32/gcc-arm-none-eabi-10.3-2021.10/bin/../lib/gcc/arm-none-eabi/10.3.1/../../../../arm-none-eabi/lib/thumb/v7e-m/nofp\libg.a(lib_a-memset.o)
                0x08008408                memset
 .text.startup.register_fini
                0x080084ac       0x14 f:/work/arm-none-eabi-gcc/gcc-arm-none-eabi-10.3-2021.10-win32/gcc-arm-none-eabi-10.3-2021.10/bin/../lib/gcc/arm-none-eabi/10.3.1/../../../../arm-none-eabi/lib/thumb/v7e-m/nofp\libg.a(lib_a-__call_atexit.o)
 .text.atexit   0x080084c0        0xc f:/work/arm-none-eabi-gcc/gcc-arm-none-eabi-10.3-2021.10-win32/gcc-arm-none-eabi-10.3-2021.10/bin/../lib/gcc/arm-none-eabi/10.3.1/../../../../arm-none-eabi/lib/thumb/v7e-m/nofp\libg.a(lib_a-atexit.o)
                0x080084c0                atexit
 .text.__libc_fini_array
                0x080084cc       0x2c f:/work/arm-none-eabi-gcc/gcc-arm-none-eabi-10.3-2021.10-win32/gcc-arm-none-eabi-10.3-2021.10/bin/../lib/gcc/arm-none-eabi/10.3.1/../../../../arm-none-eabi/lib/thumb/v7e-m/nofp\libg.a(lib_a-fini.o)
                0x080084cc                __libc_fini_array
 .text.__retarget_lock_acquire_recursive
                0x080084f8        0x4 f:/work/arm-none-eabi-gcc/gcc-arm-none-eabi-10.3-2021.10-win32/gcc-arm-none-eabi-10.3-2021.10/bin/../lib/gcc/arm-none-eabi/10.3.1/../../../../arm-none-eabi/lib/thumb/v7e-m/nofp\libg.a(lib_a-lock.o)
                0x080084f8                __retarget_lock_acquire_recursive
 .text.__retarget_lock_release_recursive
                0x080084fc        0x4 f:/work/arm-none-eabi-gcc/gcc-arm-none-eabi-10.3-2021.10-win32/gcc-arm-none-eabi-10.3-2021.10/bin/../lib/gcc/arm-none-eabi/10.3.1/../../../../arm-none-eabi/lib/thumb/v7e-m/nofp\libg.a(lib_a-lock.o)
                0x080084fc                __retarget_lock_release_recursive
 .text.__register_exitproc
                0x08008500       0x8c f:/work/arm-none-eabi-gcc/gcc-arm-none-eabi-10.3-2021.10-win32/gcc-arm-none-eabi-10.3-2021.10/bin/../lib/gcc/arm-none-eabi/10.3.1/../../../../arm-none-eabi/lib/thumb/v7e-m/nofp\libg.a(lib_a-__atexit.o)
                0x08008500                __register_exitproc
 *(.glue_7)
 .glue_7        0x0800858c        0x0 linker stubs
 *(.glue_7t)
 .glue_7t       0x0800858c        0x0 linker stubs
 *(.eh_frame)
 .eh_frame      0x0800858c        0x0 f:/work/arm-none-eabi-gcc/gcc-arm-none-eabi-10.3-2021.10-win32/gcc-arm-none-eabi-10.3-2021.10/bin/../lib/gcc/arm-none-eabi/10.3.1/thumb/v7e-m/nofp/crtbegin.o
 *(.init)
 .init          0x0800858c        0x4 f:/work/arm-none-eabi-gcc/gcc-arm-none-eabi-10.3-2021.10-win32/gcc-arm-none-eabi-10.3-2021.10/bin/../lib/gcc/arm-none-eabi/10.3.1/thumb/v7e-m/nofp/crti.o
                0x0800858c                _init
 .init          0x08008590        0x8 f:/work/arm-none-eabi-gcc/gcc-arm-none-eabi-10.3-2021.10-win32/gcc-arm-none-eabi-10.3-2021.10/bin/../lib/gcc/arm-none-eabi/10.3.1/thumb/v7e-m/nofp/crtn.o
 *(.fini)
 .fini          0x08008598        0x4 f:/work/arm-none-eabi-gcc/gcc-arm-none-eabi-10.3-2021.10-win32/gcc-arm-none-eabi-10.3-2021.10/bin/../lib/gcc/arm-none-eabi/10.3.1/thumb/v7e-m/nofp/crti.o
                0x08008598                _fini
 .fini          0x0800859c        0x8 f:/work/arm-none-eabi-gcc/gcc-arm-none-eabi-10.3-2021.10-win32/gcc-arm-none-eabi-10.3-2021.10/bin/../lib/gcc/arm-none-eabi/10.3.1/thumb/v7e-m/nofp/crtn.o
                0x080085a4                . = ALIGN (0x4)
                0x080085a4                _etext = .

.vfp11_veneer   0x080085a4        0x0
 .vfp11_veneer  0x080085a4        0x0 linker stubs

.v4_bx          0x080085a4        0x0
 .v4_bx         0x080085a4        0x0 linker stubs

.iplt           0x080085a4        0x0
 .iplt          0x080085a4        0x0 f:/work/arm-none-eabi-gcc/gcc-arm-none-eabi-10.3-2021.10-win32/gcc-arm-none-eabi-10.3-2021.10/bin/../lib/gcc/arm-none-eabi/10.3.1/thumb/v7e-m/nofp/crtbegin.o

.rodata         0x080085a4       0x84
                0x080085a4                . = ALIGN (0x4)
 *(.rodata)
 *(.rodata*)
 .rodata.D1CorePrescTable
                0x080085a4       0x10 CMakeFiles/Integral_PMT.elf.dir/Core/Src/system_stm32h7xx.c.obj
                0x080085a4                D1CorePrescTable
 .rodata.UARTPrescTable
                0x080085b4       0x18 CMakeFiles/Integral_PMT.elf.dir/Drivers/STM32H7xx_HAL_Driver/Src/stm32h7xx_hal_uart.c.obj
                0x080085b4                UARTPrescTable
 .rodata.denominator.0
                0x080085cc        0x8 CMakeFiles/Integral_PMT.elf.dir/Drivers/STM32H7xx_HAL_Driver/Src/stm32h7xx_hal_uart_ex.c.obj
 .rodata.numerator.1
                0x080085d4        0x8 CMakeFiles/Integral_PMT.elf.dir/Drivers/STM32H7xx_HAL_Driver/Src/stm32h7xx_hal_uart_ex.c.obj
 .rodata.USBD_HS_ProductStrDescriptor.str1.4
                0x080085dc       0x16 CMakeFiles/Integral_PMT.elf.dir/USB_DEVICE/App/usbd_desc.c.obj
 *fill*         0x080085f2        0x2 
 .rodata.USBD_HS_ManufacturerStrDescriptor.str1.4
                0x080085f4       0x13 CMakeFiles/Integral_PMT.elf.dir/USB_DEVICE/App/usbd_desc.c.obj
 *fill*         0x08008607        0x1 
 .rodata.USBD_HS_ConfigStrDescriptor.str1.4
                0x08008608        0xb CMakeFiles/Integral_PMT.elf.dir/USB_DEVICE/App/usbd_desc.c.obj
 *fill*         0x08008613        0x1 
 .rodata.USBD_HS_InterfaceStrDescriptor.str1.4
                0x08008614        0xe CMakeFiles/Integral_PMT.elf.dir/USB_DEVICE/App/usbd_desc.c.obj
 *fill*         0x08008622        0x2 
 .rodata._global_impure_ptr
                0x08008624        0x4 f:/work/arm-none-eabi-gcc/gcc-arm-none-eabi-10.3-2021.10-win32/gcc-arm-none-eabi-10.3-2021.10/bin/../lib/gcc/arm-none-eabi/10.3.1/../../../../arm-none-eabi/lib/thumb/v7e-m/nofp\libg.a(lib_a-impure.o)
                0x08008624                _global_impure_ptr
                0x08008628                . = ALIGN (0x4)

.ARM.extab
 *(.ARM.extab* .gnu.linkonce.armextab.*)

.ARM            0x08008628        0x8
                0x08008628                __exidx_start = .
 *(.ARM.exidx*)
 .ARM.exidx     0x08008628        0x8 f:/work/arm-none-eabi-gcc/gcc-arm-none-eabi-10.3-2021.10-win32/gcc-arm-none-eabi-10.3-2021.10/bin/../lib/gcc/arm-none-eabi/10.3.1/thumb/v7e-m/nofp\libgcc.a(_udivmoddi4.o)
                0x08008630                __exidx_end = .

.rel.dyn        0x08008630        0x0
 .rel.iplt      0x08008630        0x0 f:/work/arm-none-eabi-gcc/gcc-arm-none-eabi-10.3-2021.10-win32/gcc-arm-none-eabi-10.3-2021.10/bin/../lib/gcc/arm-none-eabi/10.3.1/thumb/v7e-m/nofp/crtbegin.o

.preinit_array  0x08008630        0x0
                0x08008630                PROVIDE (__preinit_array_start = .)
 *(.preinit_array*)
                0x08008630                PROVIDE (__preinit_array_end = .)

.init_array     0x08008630        0x8
                0x08008630                PROVIDE (__init_array_start = .)
 *(SORT_BY_NAME(.init_array.*))
 .init_array.00000
                0x08008630        0x4 f:/work/arm-none-eabi-gcc/gcc-arm-none-eabi-10.3-2021.10-win32/gcc-arm-none-eabi-10.3-2021.10/bin/../lib/gcc/arm-none-eabi/10.3.1/../../../../arm-none-eabi/lib/thumb/v7e-m/nofp\libg.a(lib_a-__call_atexit.o)
 *(.init_array*)
 .init_array    0x08008634        0x4 f:/work/arm-none-eabi-gcc/gcc-arm-none-eabi-10.3-2021.10-win32/gcc-arm-none-eabi-10.3-2021.10/bin/../lib/gcc/arm-none-eabi/10.3.1/thumb/v7e-m/nofp/crtbegin.o
                0x08008638                PROVIDE (__init_array_end = .)

.fini_array     0x08008638        0x4
                0x08008638                PROVIDE (__fini_array_start = .)
 *(SORT_BY_NAME(.fini_array.*))
 *(.fini_array*)
 .fini_array    0x08008638        0x4 f:/work/arm-none-eabi-gcc/gcc-arm-none-eabi-10.3-2021.10-win32/gcc-arm-none-eabi-10.3-2021.10/bin/../lib/gcc/arm-none-eabi/10.3.1/thumb/v7e-m/nofp/crtbegin.o
                0x0800863c                PROVIDE (__fini_array_end = .)
                0x0800863c                _sidata = LOADADDR (.data)

.data           0x24000000      0x52c load address 0x0800863c
                0x24000000                . = ALIGN (0x4)
                0x24000000                _sdata = .
 *(.data)
 *(.data*)
 .data.SystemCoreClock
                0x24000000        0x4 CMakeFiles/Integral_PMT.elf.dir/Core/Src/system_stm32h7xx.c.obj
                0x24000000                SystemCoreClock
 .data.SystemD2Clock
                0x24000004        0x4 CMakeFiles/Integral_PMT.elf.dir/Core/Src/system_stm32h7xx.c.obj
                0x24000004                SystemD2Clock
 .data.uwTickFreq
                0x24000008        0x1 CMakeFiles/Integral_PMT.elf.dir/Drivers/STM32H7xx_HAL_Driver/Src/stm32h7xx_hal.c.obj
                0x24000008                uwTickFreq
 *fill*         0x24000009        0x3 
 .data.uwTickPrio
                0x2400000c        0x4 CMakeFiles/Integral_PMT.elf.dir/Drivers/STM32H7xx_HAL_Driver/Src/stm32h7xx_hal.c.obj
                0x2400000c                uwTickPrio
 .data.USBD_CDC
                0x24000010       0x38 CMakeFiles/Integral_PMT.elf.dir/Middlewares/ST/STM32_USB_Device_Library/Class/CDC/Src/usbd_cdc.c.obj
                0x24000010                USBD_CDC
 .data.USBD_CDC_CfgDesc
                0x24000048       0x43 CMakeFiles/Integral_PMT.elf.dir/Middlewares/ST/STM32_USB_Device_Library/Class/CDC/Src/usbd_cdc.c.obj
 *fill*         0x2400008b        0x1 
 .data.USBD_CDC_DeviceQualifierDesc
                0x2400008c        0xa CMakeFiles/Integral_PMT.elf.dir/Middlewares/ST/STM32_USB_Device_Library/Class/CDC/Src/usbd_cdc.c.obj
 *fill*         0x24000096        0x2 
 .data.USBD_Interface_fops_HS
                0x24000098       0x14 CMakeFiles/Integral_PMT.elf.dir/USB_DEVICE/App/usbd_cdc_if.c.obj
                0x24000098                USBD_Interface_fops_HS
 .data.HS_Desc  0x240000ac       0x1c CMakeFiles/Integral_PMT.elf.dir/USB_DEVICE/App/usbd_desc.c.obj
                0x240000ac                HS_Desc
 .data.USBD_HS_DeviceDesc
                0x240000c8       0x12 CMakeFiles/Integral_PMT.elf.dir/USB_DEVICE/App/usbd_desc.c.obj
                0x240000c8                USBD_HS_DeviceDesc
 *fill*         0x240000da        0x2 
 .data.USBD_LangIDDesc
                0x240000dc        0x4 CMakeFiles/Integral_PMT.elf.dir/USB_DEVICE/App/usbd_desc.c.obj
                0x240000dc                USBD_LangIDDesc
 .data.USBD_StringSerial
                0x240000e0       0x1a CMakeFiles/Integral_PMT.elf.dir/USB_DEVICE/App/usbd_desc.c.obj
                0x240000e0                USBD_StringSerial
 *fill*         0x240000fa        0x6 
 .data.impure_data
                0x24000100      0x428 f:/work/arm-none-eabi-gcc/gcc-arm-none-eabi-10.3-2021.10-win32/gcc-arm-none-eabi-10.3-2021.10/bin/../lib/gcc/arm-none-eabi/10.3.1/../../../../arm-none-eabi/lib/thumb/v7e-m/nofp\libg.a(lib_a-impure.o)
 .data.__atexit_recursive_mutex
                0x24000528        0x4 f:/work/arm-none-eabi-gcc/gcc-arm-none-eabi-10.3-2021.10-win32/gcc-arm-none-eabi-10.3-2021.10/bin/../lib/gcc/arm-none-eabi/10.3.1/../../../../arm-none-eabi/lib/thumb/v7e-m/nofp\libg.a(lib_a-__call_atexit.o)
                0x24000528                __atexit_recursive_mutex
 *(.RamFunc)
 *(.RamFunc*)
                0x2400052c                . = ALIGN (0x4)
                0x2400052c                _edata = .

.igot.plt       0x2400052c        0x0 load address 0x08008b68
 .igot.plt      0x2400052c        0x0 f:/work/arm-none-eabi-gcc/gcc-arm-none-eabi-10.3-2021.10-win32/gcc-arm-none-eabi-10.3-2021.10/bin/../lib/gcc/arm-none-eabi/10.3.1/thumb/v7e-m/nofp/crtbegin.o
                0x2400052c                . = ALIGN (0x4)

.bss            0x2400052c     0x1dbc load address 0x08008b68
                0x2400052c                _sbss = .
                0x2400052c                __bss_start__ = _sbss
 *(.bss)
 .bss           0x2400052c       0x1c f:/work/arm-none-eabi-gcc/gcc-arm-none-eabi-10.3-2021.10-win32/gcc-arm-none-eabi-10.3-2021.10/bin/../lib/gcc/arm-none-eabi/10.3.1/thumb/v7e-m/nofp/crtbegin.o
 *(.bss*)
 .bss.hspi1     0x24000548       0x88 CMakeFiles/Integral_PMT.elf.dir/Core/Src/spi.c.obj
                0x24000548                hspi1
 .bss.htim2     0x240005d0       0x4c CMakeFiles/Integral_PMT.elf.dir/Core/Src/tim.c.obj
                0x240005d0                htim2
 .bss.htim3     0x2400061c       0x4c CMakeFiles/Integral_PMT.elf.dir/Core/Src/tim.c.obj
                0x2400061c                htim3
 .bss.huart1    0x24000668       0x94 CMakeFiles/Integral_PMT.elf.dir/Core/Src/usart.c.obj
                0x24000668                huart1
 .bss.uwTick    0x240006fc        0x4 CMakeFiles/Integral_PMT.elf.dir/Drivers/STM32H7xx_HAL_Driver/Src/stm32h7xx_hal.c.obj
                0x240006fc                uwTick
 .bss.cfgidx.0  0x24000700        0x1 CMakeFiles/Integral_PMT.elf.dir/Middlewares/ST/STM32_USB_Device_Library/Core/Src/usbd_ctlreq.c.obj
 *fill*         0x24000701        0x3 
 .bss.hUsbDeviceHS
                0x24000704      0x2dc CMakeFiles/Integral_PMT.elf.dir/USB_DEVICE/App/usb_device.c.obj
                0x24000704                hUsbDeviceHS
 .bss.UserRxBufferHS
                0x240009e0      0x800 CMakeFiles/Integral_PMT.elf.dir/USB_DEVICE/App/usbd_cdc_if.c.obj
                0x240009e0                UserRxBufferHS
 .bss.UserTxBufferHS
                0x240011e0      0x800 CMakeFiles/Integral_PMT.elf.dir/USB_DEVICE/App/usbd_cdc_if.c.obj
                0x240011e0                UserTxBufferHS
 .bss.USBD_StrDesc
                0x240019e0      0x200 CMakeFiles/Integral_PMT.elf.dir/USB_DEVICE/App/usbd_desc.c.obj
                0x240019e0                USBD_StrDesc
 .bss.hpcd_USB_OTG_HS
                0x24001be0      0x4e4 CMakeFiles/Integral_PMT.elf.dir/USB_DEVICE/Target/usbd_conf.c.obj
                0x24001be0                hpcd_USB_OTG_HS
 .bss.mem.0     0x240020c4      0x220 CMakeFiles/Integral_PMT.elf.dir/USB_DEVICE/Target/usbd_conf.c.obj
 .bss.__lock___atexit_recursive_mutex
                0x240022e4        0x1 f:/work/arm-none-eabi-gcc/gcc-arm-none-eabi-10.3-2021.10-win32/gcc-arm-none-eabi-10.3-2021.10/bin/../lib/gcc/arm-none-eabi/10.3.1/../../../../arm-none-eabi/lib/thumb/v7e-m/nofp\libg.a(lib_a-lock.o)
                0x240022e4                __lock___atexit_recursive_mutex
 *(COMMON)
                0x240022e8                . = ALIGN (0x4)
 *fill*         0x240022e5        0x3 
                0x240022e8                _ebss = .
                0x240022e8                __bss_end__ = _ebss

._user_heap_stack
                0x240022e8      0x600 load address 0x08008b68
                0x240022e8                . = ALIGN (0x8)
                [!provide]                PROVIDE (end = .)
                0x240022e8                PROVIDE (_end = .)
                0x240024e8                . = (. + _Min_Heap_Size)
 *fill*         0x240022e8      0x200 
                0x240028e8                . = (. + _Min_Stack_Size)
 *fill*         0x240024e8      0x400 
                0x240028e8                . = ALIGN (0x8)

/DISCARD/
 libc.a(*)
 libm.a(*)
 libgcc.a(*)

.ARM.attributes
                0x00000000       0x2a
 *(.ARM.attributes)
 .ARM.attributes
                0x00000000       0x1e f:/work/arm-none-eabi-gcc/gcc-arm-none-eabi-10.3-2021.10-win32/gcc-arm-none-eabi-10.3-2021.10/bin/../lib/gcc/arm-none-eabi/10.3.1/thumb/v7e-m/nofp/crti.o
 .ARM.attributes
                0x0000001e       0x2e f:/work/arm-none-eabi-gcc/gcc-arm-none-eabi-10.3-2021.10-win32/gcc-arm-none-eabi-10.3-2021.10/bin/../lib/gcc/arm-none-eabi/10.3.1/thumb/v7e-m/nofp/crtbegin.o
 .ARM.attributes
                0x0000004c       0x2e CMakeFiles/Integral_PMT.elf.dir/Core/Src/gpio.c.obj
 .ARM.attributes
                0x0000007a       0x2e CMakeFiles/Integral_PMT.elf.dir/Core/Src/main.c.obj
 .ARM.attributes
                0x000000a8       0x2e CMakeFiles/Integral_PMT.elf.dir/Core/Src/spi.c.obj
 .ARM.attributes
                0x000000d6       0x2e CMakeFiles/Integral_PMT.elf.dir/Core/Src/stm32h7xx_hal_msp.c.obj
 .ARM.attributes
                0x00000104       0x2e CMakeFiles/Integral_PMT.elf.dir/Core/Src/stm32h7xx_it.c.obj
 .ARM.attributes
                0x00000132       0x2e CMakeFiles/Integral_PMT.elf.dir/Core/Src/system_stm32h7xx.c.obj
 .ARM.attributes
                0x00000160       0x2e CMakeFiles/Integral_PMT.elf.dir/Core/Src/tim.c.obj
 .ARM.attributes
                0x0000018e       0x2e CMakeFiles/Integral_PMT.elf.dir/Core/Src/usart.c.obj
 .ARM.attributes
                0x000001bc       0x21 CMakeFiles/Integral_PMT.elf.dir/Core/Startup/startup_stm32h750vbtx.s.obj
 .ARM.attributes
                0x000001dd       0x2e CMakeFiles/Integral_PMT.elf.dir/Drivers/STM32H7xx_HAL_Driver/Src/stm32h7xx_hal.c.obj
 .ARM.attributes
                0x0000020b       0x2e CMakeFiles/Integral_PMT.elf.dir/Drivers/STM32H7xx_HAL_Driver/Src/stm32h7xx_hal_cortex.c.obj
 .ARM.attributes
                0x00000239       0x2e CMakeFiles/Integral_PMT.elf.dir/Drivers/STM32H7xx_HAL_Driver/Src/stm32h7xx_hal_dma.c.obj
 .ARM.attributes
                0x00000267       0x2e CMakeFiles/Integral_PMT.elf.dir/Drivers/STM32H7xx_HAL_Driver/Src/stm32h7xx_hal_gpio.c.obj
 .ARM.attributes
                0x00000295       0x2e CMakeFiles/Integral_PMT.elf.dir/Drivers/STM32H7xx_HAL_Driver/Src/stm32h7xx_hal_pcd.c.obj
 .ARM.attributes
                0x000002c3       0x2e CMakeFiles/Integral_PMT.elf.dir/Drivers/STM32H7xx_HAL_Driver/Src/stm32h7xx_hal_pcd_ex.c.obj
 .ARM.attributes
                0x000002f1       0x2e CMakeFiles/Integral_PMT.elf.dir/Drivers/STM32H7xx_HAL_Driver/Src/stm32h7xx_hal_pwr_ex.c.obj
 .ARM.attributes
                0x0000031f       0x2e CMakeFiles/Integral_PMT.elf.dir/Drivers/STM32H7xx_HAL_Driver/Src/stm32h7xx_hal_rcc.c.obj
 .ARM.attributes
                0x0000034d       0x2e CMakeFiles/Integral_PMT.elf.dir/Drivers/STM32H7xx_HAL_Driver/Src/stm32h7xx_hal_rcc_ex.c.obj
 .ARM.attributes
                0x0000037b       0x2e CMakeFiles/Integral_PMT.elf.dir/Drivers/STM32H7xx_HAL_Driver/Src/stm32h7xx_hal_spi.c.obj
 .ARM.attributes
                0x000003a9       0x2e CMakeFiles/Integral_PMT.elf.dir/Drivers/STM32H7xx_HAL_Driver/Src/stm32h7xx_hal_tim.c.obj
 .ARM.attributes
                0x000003d7       0x2e CMakeFiles/Integral_PMT.elf.dir/Drivers/STM32H7xx_HAL_Driver/Src/stm32h7xx_hal_tim_ex.c.obj
 .ARM.attributes
                0x00000405       0x2e CMakeFiles/Integral_PMT.elf.dir/Drivers/STM32H7xx_HAL_Driver/Src/stm32h7xx_hal_uart.c.obj
 .ARM.attributes
                0x00000433       0x2e CMakeFiles/Integral_PMT.elf.dir/Drivers/STM32H7xx_HAL_Driver/Src/stm32h7xx_hal_uart_ex.c.obj
 .ARM.attributes
                0x00000461       0x2e CMakeFiles/Integral_PMT.elf.dir/Drivers/STM32H7xx_HAL_Driver/Src/stm32h7xx_ll_usb.c.obj
 .ARM.attributes
                0x0000048f       0x2e CMakeFiles/Integral_PMT.elf.dir/Middlewares/ST/STM32_USB_Device_Library/Class/CDC/Src/usbd_cdc.c.obj
 .ARM.attributes
                0x000004bd       0x2e CMakeFiles/Integral_PMT.elf.dir/Middlewares/ST/STM32_USB_Device_Library/Core/Src/usbd_core.c.obj
 .ARM.attributes
                0x000004eb       0x2e CMakeFiles/Integral_PMT.elf.dir/Middlewares/ST/STM32_USB_Device_Library/Core/Src/usbd_ctlreq.c.obj
 .ARM.attributes
                0x00000519       0x2e CMakeFiles/Integral_PMT.elf.dir/Middlewares/ST/STM32_USB_Device_Library/Core/Src/usbd_ioreq.c.obj
 .ARM.attributes
                0x00000547       0x2e CMakeFiles/Integral_PMT.elf.dir/USB_DEVICE/App/usb_device.c.obj
 .ARM.attributes
                0x00000575       0x2e CMakeFiles/Integral_PMT.elf.dir/USB_DEVICE/App/usbd_cdc_if.c.obj
 .ARM.attributes
                0x000005a3       0x2e CMakeFiles/Integral_PMT.elf.dir/USB_DEVICE/App/usbd_desc.c.obj
 .ARM.attributes
                0x000005d1       0x2e CMakeFiles/Integral_PMT.elf.dir/USB_DEVICE/Target/usbd_conf.c.obj
 .ARM.attributes
                0x000005ff       0x1e f:/work/arm-none-eabi-gcc/gcc-arm-none-eabi-10.3-2021.10-win32/gcc-arm-none-eabi-10.3-2021.10/bin/../lib/gcc/arm-none-eabi/10.3.1/thumb/v7e-m/nofp\libgcc.a(_arm_addsubsf3.o)
 .ARM.attributes
                0x0000061d       0x1e f:/work/arm-none-eabi-gcc/gcc-arm-none-eabi-10.3-2021.10-win32/gcc-arm-none-eabi-10.3-2021.10/bin/../lib/gcc/arm-none-eabi/10.3.1/thumb/v7e-m/nofp\libgcc.a(_arm_muldivsf3.o)
 .ARM.attributes
                0x0000063b       0x1e f:/work/arm-none-eabi-gcc/gcc-arm-none-eabi-10.3-2021.10-win32/gcc-arm-none-eabi-10.3-2021.10/bin/../lib/gcc/arm-none-eabi/10.3.1/thumb/v7e-m/nofp\libgcc.a(_arm_fixunssfsi.o)
 .ARM.attributes
                0x00000659       0x1e f:/work/arm-none-eabi-gcc/gcc-arm-none-eabi-10.3-2021.10-win32/gcc-arm-none-eabi-10.3-2021.10/bin/../lib/gcc/arm-none-eabi/10.3.1/thumb/v7e-m/nofp\libgcc.a(_aeabi_uldivmod.o)
 .ARM.attributes
                0x00000677       0x2e f:/work/arm-none-eabi-gcc/gcc-arm-none-eabi-10.3-2021.10-win32/gcc-arm-none-eabi-10.3-2021.10/bin/../lib/gcc/arm-none-eabi/10.3.1/thumb/v7e-m/nofp\libgcc.a(_udivmoddi4.o)
 .ARM.attributes
                0x000006a5       0x1e f:/work/arm-none-eabi-gcc/gcc-arm-none-eabi-10.3-2021.10-win32/gcc-arm-none-eabi-10.3-2021.10/bin/../lib/gcc/arm-none-eabi/10.3.1/thumb/v7e-m/nofp\libgcc.a(_dvmd_tls.o)
 .ARM.attributes
                0x000006c3       0x2e f:/work/arm-none-eabi-gcc/gcc-arm-none-eabi-10.3-2021.10-win32/gcc-arm-none-eabi-10.3-2021.10/bin/../lib/gcc/arm-none-eabi/10.3.1/../../../../arm-none-eabi/lib/thumb/v7e-m/nofp\libg.a(lib_a-impure.o)
 .ARM.attributes
                0x000006f1       0x2e f:/work/arm-none-eabi-gcc/gcc-arm-none-eabi-10.3-2021.10-win32/gcc-arm-none-eabi-10.3-2021.10/bin/../lib/gcc/arm-none-eabi/10.3.1/../../../../arm-none-eabi/lib/thumb/v7e-m/nofp\libg.a(lib_a-init.o)
 .ARM.attributes
                0x0000071f       0x2e f:/work/arm-none-eabi-gcc/gcc-arm-none-eabi-10.3-2021.10-win32/gcc-arm-none-eabi-10.3-2021.10/bin/../lib/gcc/arm-none-eabi/10.3.1/../../../../arm-none-eabi/lib/thumb/v7e-m/nofp\libg.a(lib_a-memset.o)
 .ARM.attributes
                0x0000074d       0x2e f:/work/arm-none-eabi-gcc/gcc-arm-none-eabi-10.3-2021.10-win32/gcc-arm-none-eabi-10.3-2021.10/bin/../lib/gcc/arm-none-eabi/10.3.1/../../../../arm-none-eabi/lib/thumb/v7e-m/nofp\libg.a(lib_a-__call_atexit.o)
 .ARM.attributes
                0x0000077b       0x2e f:/work/arm-none-eabi-gcc/gcc-arm-none-eabi-10.3-2021.10-win32/gcc-arm-none-eabi-10.3-2021.10/bin/../lib/gcc/arm-none-eabi/10.3.1/../../../../arm-none-eabi/lib/thumb/v7e-m/nofp\libg.a(lib_a-atexit.o)
 .ARM.attributes
                0x000007a9       0x2e f:/work/arm-none-eabi-gcc/gcc-arm-none-eabi-10.3-2021.10-win32/gcc-arm-none-eabi-10.3-2021.10/bin/../lib/gcc/arm-none-eabi/10.3.1/../../../../arm-none-eabi/lib/thumb/v7e-m/nofp\libg.a(lib_a-fini.o)
 .ARM.attributes
                0x000007d7       0x2e f:/work/arm-none-eabi-gcc/gcc-arm-none-eabi-10.3-2021.10-win32/gcc-arm-none-eabi-10.3-2021.10/bin/../lib/gcc/arm-none-eabi/10.3.1/../../../../arm-none-eabi/lib/thumb/v7e-m/nofp\libg.a(lib_a-lock.o)
 .ARM.attributes
                0x00000805       0x2e f:/work/arm-none-eabi-gcc/gcc-arm-none-eabi-10.3-2021.10-win32/gcc-arm-none-eabi-10.3-2021.10/bin/../lib/gcc/arm-none-eabi/10.3.1/../../../../arm-none-eabi/lib/thumb/v7e-m/nofp\libg.a(lib_a-__atexit.o)
 .ARM.attributes
                0x00000833       0x1e f:/work/arm-none-eabi-gcc/gcc-arm-none-eabi-10.3-2021.10-win32/gcc-arm-none-eabi-10.3-2021.10/bin/../lib/gcc/arm-none-eabi/10.3.1/thumb/v7e-m/nofp/crtn.o
OUTPUT(Integral_PMT.elf elf32-littlearm)
LOAD linker stubs
LOAD f:/work/arm-none-eabi-gcc/gcc-arm-none-eabi-10.3-2021.10-win32/gcc-arm-none-eabi-10.3-2021.10/bin/../lib/gcc/arm-none-eabi/10.3.1/../../../../arm-none-eabi/lib/thumb/v7e-m/nofp\libc.a
LOAD f:/work/arm-none-eabi-gcc/gcc-arm-none-eabi-10.3-2021.10-win32/gcc-arm-none-eabi-10.3-2021.10/bin/../lib/gcc/arm-none-eabi/10.3.1/../../../../arm-none-eabi/lib/thumb/v7e-m/nofp\libm.a
LOAD f:/work/arm-none-eabi-gcc/gcc-arm-none-eabi-10.3-2021.10-win32/gcc-arm-none-eabi-10.3-2021.10/bin/../lib/gcc/arm-none-eabi/10.3.1/thumb/v7e-m/nofp\libgcc.a

.debug_info     0x00000000    0x2ca2e
 .debug_info    0x00000000      0xb34 CMakeFiles/Integral_PMT.elf.dir/Core/Src/gpio.c.obj
 .debug_info    0x00000b34      0xeb5 CMakeFiles/Integral_PMT.elf.dir/Core/Src/main.c.obj
 .debug_info    0x000019e9     0x119f CMakeFiles/Integral_PMT.elf.dir/Core/Src/spi.c.obj
 .debug_info    0x00002b88      0x4a0 CMakeFiles/Integral_PMT.elf.dir/Core/Src/stm32h7xx_hal_msp.c.obj
 .debug_info    0x00003028     0x1234 CMakeFiles/Integral_PMT.elf.dir/Core/Src/stm32h7xx_it.c.obj
 .debug_info    0x0000425c      0xaf5 CMakeFiles/Integral_PMT.elf.dir/Core/Src/system_stm32h7xx.c.obj
 .debug_info    0x00004d51     0x162f CMakeFiles/Integral_PMT.elf.dir/Core/Src/tim.c.obj
 .debug_info    0x00006380     0x15b3 CMakeFiles/Integral_PMT.elf.dir/Core/Src/usart.c.obj
 .debug_info    0x00007933       0x22 CMakeFiles/Integral_PMT.elf.dir/Core/Startup/startup_stm32h750vbtx.s.obj
 .debug_info    0x00007955     0x16a6 CMakeFiles/Integral_PMT.elf.dir/Drivers/STM32H7xx_HAL_Driver/Src/stm32h7xx_hal.c.obj
 .debug_info    0x00008ffb     0x143e CMakeFiles/Integral_PMT.elf.dir/Drivers/STM32H7xx_HAL_Driver/Src/stm32h7xx_hal_cortex.c.obj
 .debug_info    0x0000a439      0xfeb CMakeFiles/Integral_PMT.elf.dir/Drivers/STM32H7xx_HAL_Driver/Src/stm32h7xx_hal_dma.c.obj